[0.261s][info][gc,start    ] GC(0) Pause Young (Normal) (G1 Evacuation Pause)
[0.261s][info][gc,task     ] GC(0) Using 3 workers of 10 for evacuation
[0.267s][info][gc,phases   ] GC(0)   Pre Evacuate Collection Set: 0.1ms
[0.267s][info][gc,phases   ] GC(0)   Merge Heap Roots: 0.1ms
[0.267s][info][gc,phases   ] GC(0)   Evacuate Collection Set: 4.6ms
[0.267s][info][gc,phases   ] GC(0)   Post Evacuate Collection Set: 0.4ms
[0.268s][info][gc,phases   ] GC(0)   Other: 0.4ms
[0.268s][info][gc,heap     ] GC(0) Eden regions: 5->0(3)
[0.268s][info][gc,heap     ] GC(0) Survivor regions: 0->1(1)
[0.268s][info][gc,heap     ] GC(0) Old regions: 1->2
[0.268s][info][gc,heap     ] GC(0) Humongous regions: 0->0
[0.268s][info][gc,metaspace] GC(0) Metaspace: 4078K(4224K)->4078K(4224K) NonClass: 3739K(3776K)->3739K(3776K) Class: 338K(448K)->338K(448K)
[0.268s][info][gc          ] GC(0) Pause Young (Normal) (G1 Evacuation Pause) 21M->8M(132M) 7.708ms
[0.269s][info][gc,cpu      ] GC(0) User=0.00s Sys=0.01s Real=0.01s
[0.344s][info][gc,start    ] GC(1) Pause Young (Normal) (G1 Evacuation Pause)
[0.344s][info][gc,task     ] GC(1) Using 3 workers of 10 for evacuation
[0.351s][info][gc,phases   ] GC(1)   Pre Evacuate Collection Set: 0.1ms
[0.352s][info][gc,phases   ] GC(1)   Merge Heap Roots: 0.0ms
[0.352s][info][gc,phases   ] GC(1)   Evacuate Collection Set: 6.2ms
[0.352s][info][gc,phases   ] GC(1)   Post Evacuate Collection Set: 0.5ms
[0.352s][info][gc,phases   ] GC(1)   Other: 0.2ms
[0.352s][info][gc,heap     ] GC(1) Eden regions: 3->0(7)
[0.352s][info][gc,heap     ] GC(1) Survivor regions: 1->1(1)
[0.352s][info][gc,heap     ] GC(1) Old regions: 2->4
[0.352s][info][gc,heap     ] GC(1) Humongous regions: 0->0
[0.352s][info][gc,metaspace] GC(1) Metaspace: 9339K(9600K)->9339K(9600K) NonClass: 8514K(8640K)->8514K(8640K) Class: 825K(960K)->825K(960K)
[0.352s][info][gc          ] GC(1) Pause Young (Normal) (G1 Evacuation Pause) 20M->15M(132M) 8.248ms
[0.352s][info][gc,cpu      ] GC(1) User=0.02s Sys=0.00s Real=0.01s
[0.409s][info][gc,start    ] GC(2) Pause Young (Normal) (G1 Evacuation Pause)
[0.409s][info][gc,task     ] GC(2) Using 6 workers of 10 for evacuation
[0.419s][info][gc,phases   ] GC(2)   Pre Evacuate Collection Set: 0.1ms
[0.419s][info][gc,phases   ] GC(2)   Merge Heap Roots: 0.1ms
[0.419s][info][gc,phases   ] GC(2)   Evacuate Collection Set: 8.2ms
[0.419s][info][gc,phases   ] GC(2)   Post Evacuate Collection Set: 0.7ms
[0.419s][info][gc,phases   ] GC(2)   Other: 0.7ms
[0.419s][info][gc,heap     ] GC(2) Eden regions: 7->0(8)
[0.420s][info][gc,heap     ] GC(2) Survivor regions: 1->1(1)
[0.420s][info][gc,heap     ] GC(2) Old regions: 4->8
[0.420s][info][gc,heap     ] GC(2) Humongous regions: 0->0
[0.420s][info][gc,metaspace] GC(2) Metaspace: 11542K(11776K)->11542K(11776K) NonClass: 10505K(10624K)->10505K(10624K) Class: 1036K(1152K)->1036K(1152K)
[0.420s][info][gc          ] GC(2) Pause Young (Normal) (G1 Evacuation Pause) 43M->29M(132M) 11.389ms
[0.420s][info][gc,cpu      ] GC(2) User=0.02s Sys=0.03s Real=0.01s
[0.570s][info][gc,start    ] GC(3) Pause Young (Concurrent Start) (Metadata GC Threshold)
[0.570s][info][gc,task     ] GC(3) Using 6 workers of 10 for evacuation
[0.578s][info][gc,phases   ] GC(3)   Pre Evacuate Collection Set: 0.2ms
[0.579s][info][gc,phases   ] GC(3)   Merge Heap Roots: 0.1ms
[0.579s][info][gc,phases   ] GC(3)   Evacuate Collection Set: 6.4ms
[0.579s][info][gc,phases   ] GC(3)   Post Evacuate Collection Set: 1.1ms
[0.579s][info][gc,phases   ] GC(3)   Other: 0.2ms
[0.579s][info][gc,heap     ] GC(3) Eden regions: 8->0(8)
[0.579s][info][gc,heap     ] GC(3) Survivor regions: 1->2(2)
[0.579s][info][gc,heap     ] GC(3) Old regions: 8->9
[0.579s][info][gc,heap     ] GC(3) Humongous regions: 0->0
[0.579s][info][gc,metaspace] GC(3) Metaspace: 21080K(21504K)->21080K(21504K) NonClass: 19089K(19328K)->19089K(19328K) Class: 1990K(2176K)->1990K(2176K)
[0.580s][info][gc          ] GC(3) Pause Young (Concurrent Start) (Metadata GC Threshold) 59M->38M(132M) 9.509ms
[0.580s][info][gc,cpu      ] GC(3) User=0.04s Sys=0.00s Real=0.01s
[0.580s][info][gc          ] GC(4) Concurrent Mark Cycle
[0.580s][info][gc,marking  ] GC(4) Concurrent Scan Root Regions
[0.583s][info][gc,marking  ] GC(4) Concurrent Scan Root Regions 2.905ms
[0.583s][info][gc,marking  ] GC(4) Concurrent Mark
[0.584s][info][gc,marking  ] GC(4) Concurrent Mark From Roots
[0.584s][info][gc,task     ] GC(4) Using 3 workers of 3 for marking
[0.590s][info][gc,marking  ] GC(4) Concurrent Mark From Roots 6.011ms
[0.590s][info][gc,marking  ] GC(4) Concurrent Preclean
[0.590s][info][gc,marking  ] GC(4) Concurrent Preclean 0.637ms
[0.592s][info][gc,start    ] GC(4) Pause Remark
[0.594s][info][gc          ] GC(4) Pause Remark 40M->40M(132M) 2.260ms
[0.594s][info][gc,cpu      ] GC(4) User=0.01s Sys=0.00s Real=0.00s
[0.595s][info][gc,marking  ] GC(4) Concurrent Mark 11.345ms
[0.595s][info][gc,marking  ] GC(4) Concurrent Rebuild Remembered Sets and Scrub Regions
[0.599s][info][gc,marking  ] GC(4) Concurrent Rebuild Remembered Sets and Scrub Regions 4.364ms
[0.600s][info][gc,start    ] GC(4) Pause Cleanup
[0.600s][info][gc          ] GC(4) Pause Cleanup 41M->41M(132M) 0.327ms
[0.600s][info][gc,cpu      ] GC(4) User=0.00s Sys=0.00s Real=0.00s
[0.600s][info][gc,marking  ] GC(4) Concurrent Clear Claimed Marks
[0.600s][info][gc,marking  ] GC(4) Concurrent Clear Claimed Marks 0.149ms
[0.601s][info][gc,marking  ] GC(4) Concurrent Cleanup for Next Mark
[0.602s][info][gc,marking  ] GC(4) Concurrent Cleanup for Next Mark 1.034ms
[0.602s][info][gc          ] GC(4) Concurrent Mark Cycle 22.103ms
[0.934s][info][gc,start    ] GC(5) Pause Young (Prepare Mixed) (G1 Evacuation Pause)
[0.934s][info][gc,task     ] GC(5) Using 8 workers of 10 for evacuation
[0.941s][info][gc,phases   ] GC(5)   Pre Evacuate Collection Set: 0.2ms
[0.941s][info][gc,phases   ] GC(5)   Merge Heap Roots: 0.1ms
[0.942s][info][gc,phases   ] GC(5)   Evacuate Collection Set: 5.3ms
[0.942s][info][gc,phases   ] GC(5)   Post Evacuate Collection Set: 1.0ms
[0.942s][info][gc,phases   ] GC(5)   Other: 0.2ms
[0.942s][info][gc,heap     ] GC(5) Eden regions: 7->0(16)
[0.942s][info][gc,heap     ] GC(5) Survivor regions: 2->2(2)
[0.942s][info][gc,heap     ] GC(5) Old regions: 9->11
[0.942s][info][gc,heap     ] GC(5) Humongous regions: 0->0
[0.942s][info][gc,metaspace] GC(5) Metaspace: 34715K(35520K)->34715K(35520K) NonClass: 31163K(31616K)->31163K(31616K) Class: 3552K(3904K)->3552K(3904K)
[0.943s][info][gc          ] GC(5) Pause Young (Prepare Mixed) (G1 Evacuation Pause) 66M->43M(228M) 8.639ms
[0.943s][info][gc,cpu      ] GC(5) User=0.03s Sys=0.01s Real=0.01s
[0.991s][info][gc,start    ] GC(6) Pause Young (Mixed) (Metadata GC Threshold)
[0.991s][info][gc,task     ] GC(6) Using 8 workers of 10 for evacuation
[0.998s][info][gc,phases   ] GC(6)   Pre Evacuate Collection Set: 0.2ms
[0.998s][info][gc,phases   ] GC(6)   Merge Heap Roots: 0.2ms
[0.998s][info][gc,phases   ] GC(6)   Evacuate Collection Set: 5.5ms
[0.998s][info][gc,phases   ] GC(6)   Post Evacuate Collection Set: 0.6ms
[0.998s][info][gc,phases   ] GC(6)   Other: 0.2ms
[0.998s][info][gc,heap     ] GC(6) Eden regions: 2->0(19)
[0.998s][info][gc,heap     ] GC(6) Survivor regions: 2->2(2)
[0.998s][info][gc,heap     ] GC(6) Old regions: 11->10
[0.998s][info][gc,heap     ] GC(6) Humongous regions: 0->0
[0.999s][info][gc,metaspace] GC(6) Metaspace: 36723K(37376K)->36723K(37376K) NonClass: 32966K(33344K)->32966K(33344K) Class: 3757K(4032K)->3757K(4032K)
[0.999s][info][gc          ] GC(6) Pause Young (Mixed) (Metadata GC Threshold) 49M->44M(228M) 7.958ms
[0.999s][info][gc,cpu      ] GC(6) User=0.01s Sys=0.03s Real=0.01s
[1.003s][info][gc,start    ] GC(7) Pause Young (Concurrent Start) (Metadata GC Threshold)
[1.003s][info][gc,task     ] GC(7) Using 8 workers of 10 for evacuation
[1.006s][info][gc,phases   ] GC(7)   Pre Evacuate Collection Set: 0.2ms
[1.006s][info][gc,phases   ] GC(7)   Merge Heap Roots: 0.1ms
[1.006s][info][gc,phases   ] GC(7)   Evacuate Collection Set: 1.6ms
[1.006s][info][gc,phases   ] GC(7)   Post Evacuate Collection Set: 0.5ms
[1.006s][info][gc,phases   ] GC(7)   Other: 0.2ms
[1.006s][info][gc,heap     ] GC(7) Eden regions: 1->0(25)
[1.007s][info][gc,heap     ] GC(7) Survivor regions: 2->2(3)
[1.007s][info][gc,heap     ] GC(7) Old regions: 10->10
[1.007s][info][gc,heap     ] GC(7) Humongous regions: 0->0
[1.007s][info][gc,metaspace] GC(7) Metaspace: 37012K(37696K)->37012K(37696K) NonClass: 33239K(33600K)->33239K(33600K) Class: 3772K(4096K)->3772K(4096K)
[1.007s][info][gc          ] GC(7) Pause Young (Concurrent Start) (Metadata GC Threshold) 45M->44M(228M) 3.895ms
[1.007s][info][gc,cpu      ] GC(7) User=0.02s Sys=0.00s Real=0.01s
[1.007s][info][gc          ] GC(8) Concurrent Mark Cycle
[1.007s][info][gc,marking  ] GC(8) Concurrent Scan Root Regions
[1.010s][info][gc,marking  ] GC(8) Concurrent Scan Root Regions 2.716ms
[1.011s][info][gc,marking  ] GC(8) Concurrent Mark
[1.011s][info][gc,marking  ] GC(8) Concurrent Mark From Roots
[1.011s][info][gc,task     ] GC(8) Using 3 workers of 3 for marking
[1.044s][info][gc,marking  ] GC(8) Concurrent Mark From Roots 32.969ms
[1.044s][info][gc,marking  ] GC(8) Concurrent Preclean
[1.045s][info][gc,marking  ] GC(8) Concurrent Preclean 0.228ms
[1.049s][info][gc,start    ] GC(8) Pause Remark
[1.050s][info][gc          ] GC(8) Pause Remark 47M->47M(160M) 1.900ms
[1.051s][info][gc,cpu      ] GC(8) User=0.01s Sys=0.00s Real=0.00s
[1.051s][info][gc,marking  ] GC(8) Concurrent Mark 40.184ms
[1.051s][info][gc,marking  ] GC(8) Concurrent Rebuild Remembered Sets and Scrub Regions
[1.061s][info][gc,marking  ] GC(8) Concurrent Rebuild Remembered Sets and Scrub Regions 9.560ms
[1.062s][info][gc,start    ] GC(8) Pause Cleanup
[1.062s][info][gc          ] GC(8) Pause Cleanup 48M->48M(160M) 0.254ms
[1.062s][info][gc,cpu      ] GC(8) User=0.00s Sys=0.00s Real=0.00s
[1.062s][info][gc,marking  ] GC(8) Concurrent Clear Claimed Marks
[1.063s][info][gc,marking  ] GC(8) Concurrent Clear Claimed Marks 0.396ms
[1.063s][info][gc,marking  ] GC(8) Concurrent Cleanup for Next Mark
[1.063s][info][gc,marking  ] GC(8) Concurrent Cleanup for Next Mark 0.324ms
[1.063s][info][gc          ] GC(8) Concurrent Mark Cycle 56.284ms
[1.280s][info][gc,start    ] GC(9) Pause Young (Prepare Mixed) (Metadata GC Threshold)
[1.280s][info][gc,task     ] GC(9) Using 10 workers of 10 for evacuation
[1.290s][info][gc,phases   ] GC(9)   Pre Evacuate Collection Set: 0.2ms
[1.290s][info][gc,phases   ] GC(9)   Merge Heap Roots: 0.1ms
[1.291s][info][gc,phases   ] GC(9)   Evacuate Collection Set: 8.7ms
[1.291s][info][gc,phases   ] GC(9)   Post Evacuate Collection Set: 1.2ms
[1.291s][info][gc,phases   ] GC(9)   Other: 0.2ms
[1.291s][info][gc,heap     ] GC(9) Eden regions: 17->0(15)
[1.291s][info][gc,heap     ] GC(9) Survivor regions: 2->3(3)
[1.291s][info][gc,heap     ] GC(9) Old regions: 10->12
[1.291s][info][gc,heap     ] GC(9) Humongous regions: 0->0
[1.291s][info][gc,metaspace] GC(9) Metaspace: 65594K(66688K)->65594K(66688K) NonClass: 58310K(58880K)->58310K(58880K) Class: 7283K(7808K)->7283K(7808K)
[1.292s][info][gc          ] GC(9) Pause Young (Prepare Mixed) (Metadata GC Threshold) 109M->56M(160M) 12.028ms
[1.292s][info][gc,cpu      ] GC(9) User=0.02s Sys=0.06s Real=0.01s
[1.296s][info][gc,start    ] GC(10) Pause Young (Mixed) (Metadata GC Threshold)
[1.296s][info][gc,task     ] GC(10) Using 10 workers of 10 for evacuation
[1.304s][info][gc,phases   ] GC(10)   Pre Evacuate Collection Set: 0.2ms
[1.304s][info][gc,phases   ] GC(10)   Merge Heap Roots: 0.1ms
[1.304s][info][gc,phases   ] GC(10)   Evacuate Collection Set: 6.3ms
[1.304s][info][gc,phases   ] GC(10)   Post Evacuate Collection Set: 0.7ms
[1.304s][info][gc,phases   ] GC(10)   Other: 0.2ms
[1.304s][info][gc,heap     ] GC(10) Eden regions: 1->0(15)
[1.305s][info][gc,heap     ] GC(10) Survivor regions: 3->1(3)
[1.305s][info][gc,heap     ] GC(10) Old regions: 12->14
[1.305s][info][gc,heap     ] GC(10) Humongous regions: 0->0
[1.305s][info][gc,metaspace] GC(10) Metaspace: 65919K(67008K)->65919K(67008K) NonClass: 58596K(59200K)->58596K(59200K) Class: 7322K(7808K)->7322K(7808K)
[1.305s][info][gc          ] GC(10) Pause Young (Mixed) (Metadata GC Threshold) 57M->56M(160M) 9.659ms
[1.306s][info][gc,cpu      ] GC(10) User=0.05s Sys=0.01s Real=0.01s
[1.310s][info][gc,start    ] GC(11) Pause Young (Concurrent Start) (Metadata GC Threshold)
[1.310s][info][gc,task     ] GC(11) Using 10 workers of 10 for evacuation
[1.312s][info][gc,phases   ] GC(11)   Pre Evacuate Collection Set: 0.2ms
[1.312s][info][gc,phases   ] GC(11)   Merge Heap Roots: 0.1ms
[1.313s][info][gc,phases   ] GC(11)   Evacuate Collection Set: 0.9ms
[1.313s][info][gc,phases   ] GC(11)   Post Evacuate Collection Set: 1.0ms
[1.313s][info][gc,phases   ] GC(11)   Other: 0.2ms
[1.313s][info][gc,heap     ] GC(11) Eden regions: 1->0(51)
[1.313s][info][gc,heap     ] GC(11) Survivor regions: 1->1(2)
[1.313s][info][gc,heap     ] GC(11) Old regions: 14->14
[1.313s][info][gc,heap     ] GC(11) Humongous regions: 0->0
[1.313s][info][gc,metaspace] GC(11) Metaspace: 66206K(67328K)->66206K(67328K) NonClass: 58851K(59520K)->58851K(59520K) Class: 7355K(7808K)->7355K(7808K)
[1.314s][info][gc          ] GC(11) Pause Young (Concurrent Start) (Metadata GC Threshold) 57M->55M(384M) 3.939ms
[1.314s][info][gc          ] GC(12) Concurrent Mark Cycle
[1.314s][info][gc,marking  ] GC(12) Concurrent Scan Root Regions
[1.314s][info][gc,cpu      ] GC(11) User=0.01s Sys=0.00s Real=0.00s
[1.315s][info][gc,marking  ] GC(12) Concurrent Scan Root Regions 0.890ms
[1.315s][info][gc,marking  ] GC(12) Concurrent Mark
[1.315s][info][gc,marking  ] GC(12) Concurrent Mark From Roots
[1.315s][info][gc,task     ] GC(12) Using 3 workers of 3 for marking
[1.334s][info][gc,marking  ] GC(12) Concurrent Mark From Roots 18.863ms
[1.334s][info][gc,marking  ] GC(12) Concurrent Preclean
[1.334s][info][gc,marking  ] GC(12) Concurrent Preclean 0.328ms
[1.335s][info][gc,start    ] GC(12) Pause Remark
[1.339s][info][gc          ] GC(12) Pause Remark 57M->57M(200M) 4.590ms
[1.340s][info][gc,cpu      ] GC(12) User=0.02s Sys=0.00s Real=0.01s
[1.340s][info][gc,marking  ] GC(12) Concurrent Mark 25.434ms
[1.341s][info][gc,marking  ] GC(12) Concurrent Rebuild Remembered Sets and Scrub Regions
[1.348s][info][gc,marking  ] GC(12) Concurrent Rebuild Remembered Sets and Scrub Regions 7.025ms
[1.348s][info][gc,start    ] GC(12) Pause Cleanup
[1.348s][info][gc          ] GC(12) Pause Cleanup 58M->58M(200M) 0.296ms
[1.348s][info][gc,cpu      ] GC(12) User=0.00s Sys=0.00s Real=0.00s
[1.349s][info][gc,marking  ] GC(12) Concurrent Clear Claimed Marks
[1.349s][info][gc,marking  ] GC(12) Concurrent Clear Claimed Marks 0.255ms
[1.349s][info][gc,marking  ] GC(12) Concurrent Cleanup for Next Mark
[1.349s][info][gc,marking  ] GC(12) Concurrent Cleanup for Next Mark 0.528ms
[1.350s][info][gc          ] GC(12) Concurrent Mark Cycle 35.891ms
[2.515s][info][gc,start    ] GC(13) Pause Young (Prepare Mixed) (G1 Evacuation Pause)
[2.515s][info][gc,task     ] GC(13) Using 10 workers of 10 for evacuation
[2.525s][info][gc,phases   ] GC(13)   Pre Evacuate Collection Set: 0.3ms
[2.525s][info][gc,phases   ] GC(13)   Merge Heap Roots: 0.2ms
[2.525s][info][gc,phases   ] GC(13)   Evacuate Collection Set: 6.9ms
[2.525s][info][gc,phases   ] GC(13)   Post Evacuate Collection Set: 1.4ms
[2.525s][info][gc,phases   ] GC(13)   Other: 0.2ms
[2.525s][info][gc,heap     ] GC(13) Eden regions: 29->0(20)
[2.525s][info][gc,heap     ] GC(13) Survivor regions: 1->4(4)
[2.525s][info][gc,heap     ] GC(13) Old regions: 14->14
[2.525s][info][gc,heap     ] GC(13) Humongous regions: 0->0
[2.526s][info][gc,metaspace] GC(13) Metaspace: 84323K(85696K)->84323K(85696K) NonClass: 74696K(75456K)->74696K(75456K) Class: 9627K(10240K)->9627K(10240K)
[2.526s][info][gc          ] GC(13) Pause Young (Prepare Mixed) (G1 Evacuation Pause) 171M->70M(200M) 10.568ms
[2.526s][info][gc,cpu      ] GC(13) User=0.06s Sys=0.01s Real=0.01s
[4.753s][info][gc,start    ] GC(14) Pause Young (Mixed) (G1 Evacuation Pause)
[4.754s][info][gc,task     ] GC(14) Using 10 workers of 10 for evacuation
[4.765s][info][gc,phases   ] GC(14)   Pre Evacuate Collection Set: 0.3ms
[4.765s][info][gc,phases   ] GC(14)   Merge Heap Roots: 0.2ms
[4.765s][info][gc,phases   ] GC(14)   Evacuate Collection Set: 9.1ms
[4.765s][info][gc,phases   ] GC(14)   Post Evacuate Collection Set: 1.5ms
[4.765s][info][gc,phases   ] GC(14)   Other: 0.2ms
[4.765s][info][gc,heap     ] GC(14) Eden regions: 20->0(19)
[4.766s][info][gc,heap     ] GC(14) Survivor regions: 4->3(3)
[4.766s][info][gc,heap     ] GC(14) Old regions: 14->18
[4.766s][info][gc,heap     ] GC(14) Humongous regions: 0->0
[4.766s][info][gc,metaspace] GC(14) Metaspace: 109915K(111616K)->109915K(111616K) NonClass: 97258K(98240K)->97258K(98240K) Class: 12657K(13376K)->12657K(13376K)
[4.766s][info][gc          ] GC(14) Pause Young (Mixed) (G1 Evacuation Pause) 150M->80M(200M) 12.630ms
[4.766s][info][gc,cpu      ] GC(14) User=0.10s Sys=0.01s Real=0.02s
[4.786s][info][gc,start    ] GC(15) Pause Young (Concurrent Start) (G1 Humongous Allocation)
[4.786s][info][gc,task     ] GC(15) Using 10 workers of 10 for evacuation
[4.791s][info][gc,phases   ] GC(15)   Pre Evacuate Collection Set: 0.2ms
[4.791s][info][gc,phases   ] GC(15)   Merge Heap Roots: 0.1ms
[4.792s][info][gc,phases   ] GC(15)   Evacuate Collection Set: 3.5ms
[4.792s][info][gc,phases   ] GC(15)   Post Evacuate Collection Set: 0.7ms
[4.792s][info][gc,phases   ] GC(15)   Other: 0.2ms
[4.792s][info][gc,heap     ] GC(15) Eden regions: 3->0(18)
[4.792s][info][gc,heap     ] GC(15) Survivor regions: 3->2(3)
[4.792s][info][gc,heap     ] GC(15) Old regions: 18->21
[4.792s][info][gc,heap     ] GC(15) Humongous regions: 0->0
[4.792s][info][gc,metaspace] GC(15) Metaspace: 111747K(113472K)->111747K(113472K) NonClass: 98853K(99840K)->98853K(99840K) Class: 12894K(13632K)->12894K(13632K)
[4.792s][info][gc          ] GC(15) Pause Young (Concurrent Start) (G1 Humongous Allocation) 89M->86M(200M) 6.195ms
[4.793s][info][gc          ] GC(16) Concurrent Mark Cycle
[4.793s][info][gc,marking  ] GC(16) Concurrent Scan Root Regions
[4.793s][info][gc,cpu      ] GC(15) User=0.02s Sys=0.01s Real=0.00s
[4.797s][info][gc,marking  ] GC(16) Concurrent Scan Root Regions 4.550ms
[4.799s][info][gc,marking  ] GC(16) Concurrent Mark
[4.799s][info][gc,marking  ] GC(16) Concurrent Mark From Roots
[4.800s][info][gc,task     ] GC(16) Using 3 workers of 3 for marking
[4.827s][info][gc,marking  ] GC(16) Concurrent Mark From Roots 27.726ms
[4.827s][info][gc,marking  ] GC(16) Concurrent Preclean
[4.828s][info][gc,marking  ] GC(16) Concurrent Preclean 0.934ms
[4.831s][info][gc,start    ] GC(16) Pause Remark
[4.839s][info][gc          ] GC(16) Pause Remark 107M->107M(200M) 8.323ms
[4.840s][info][gc,cpu      ] GC(16) User=0.06s Sys=0.00s Real=0.01s
[4.840s][info][gc,marking  ] GC(16) Concurrent Mark 40.828ms
[4.840s][info][gc,marking  ] GC(16) Concurrent Rebuild Remembered Sets and Scrub Regions
[4.859s][info][gc,marking  ] GC(16) Concurrent Rebuild Remembered Sets and Scrub Regions 18.936ms
[4.860s][info][gc,start    ] GC(16) Pause Cleanup
[4.860s][info][gc          ] GC(16) Pause Cleanup 109M->109M(200M) 0.300ms
[4.860s][info][gc,cpu      ] GC(16) User=0.00s Sys=0.00s Real=0.00s
[4.860s][info][gc,marking  ] GC(16) Concurrent Clear Claimed Marks
[4.861s][info][gc,marking  ] GC(16) Concurrent Clear Claimed Marks 0.275ms
[4.861s][info][gc,marking  ] GC(16) Concurrent Cleanup for Next Mark
[4.861s][info][gc,marking  ] GC(16) Concurrent Cleanup for Next Mark 0.256ms
[4.861s][info][gc          ] GC(16) Concurrent Mark Cycle 68.519ms
[5.079s][info][gc,start    ] GC(17) Pause Young (Prepare Mixed) (G1 Evacuation Pause)
[5.079s][info][gc,task     ] GC(17) Using 10 workers of 10 for evacuation
[5.085s][info][gc,phases   ] GC(17)   Pre Evacuate Collection Set: 0.2ms
[5.086s][info][gc,phases   ] GC(17)   Merge Heap Roots: 0.1ms
[5.086s][info][gc,phases   ] GC(17)   Evacuate Collection Set: 4.1ms
[5.086s][info][gc,phases   ] GC(17)   Post Evacuate Collection Set: 1.6ms
[5.086s][info][gc,phases   ] GC(17)   Other: 0.2ms
[5.086s][info][gc,heap     ] GC(17) Eden regions: 18->0(16)
[5.086s][info][gc,heap     ] GC(17) Survivor regions: 2->3(3)
[5.086s][info][gc,heap     ] GC(17) Old regions: 21->22
[5.087s][info][gc,heap     ] GC(17) Humongous regions: 4->1
[5.087s][info][gc,metaspace] GC(17) Metaspace: 128814K(130816K)->128814K(130816K) NonClass: 113770K(114944K)->113770K(114944K) Class: 15044K(15872K)->15044K(15872K)
[5.087s][info][gc          ] GC(17) Pause Young (Prepare Mixed) (G1 Evacuation Pause) 174M->103M(200M) 7.884ms
[5.087s][info][gc,cpu      ] GC(17) User=0.05s Sys=0.00s Real=0.01s
[5.199s][info][gc,start    ] GC(18) Pause Young (Mixed) (G1 Evacuation Pause)
[5.199s][info][gc,task     ] GC(18) Using 10 workers of 10 for evacuation
[5.207s][info][gc,phases   ] GC(18)   Pre Evacuate Collection Set: 0.2ms
[5.208s][info][gc,phases   ] GC(18)   Merge Heap Roots: 0.1ms
[5.208s][info][gc,phases   ] GC(18)   Evacuate Collection Set: 6.7ms
[5.208s][info][gc,phases   ] GC(18)   Post Evacuate Collection Set: 1.0ms
[5.208s][info][gc,phases   ] GC(18)   Other: 0.2ms
[5.208s][info][gc,heap     ] GC(18) Eden regions: 16->0(15)
[5.208s][info][gc,heap     ] GC(18) Survivor regions: 3->2(3)
[5.208s][info][gc,heap     ] GC(18) Old regions: 22->25
[5.208s][info][gc,heap     ] GC(18) Humongous regions: 4->1
[5.208s][info][gc,metaspace] GC(18) Metaspace: 133035K(134976K)->133035K(134976K) NonClass: 117494K(118592K)->117494K(118592K) Class: 15540K(16384K)->15540K(16384K)
[5.209s][info][gc          ] GC(18) Pause Young (Mixed) (G1 Evacuation Pause) 179M->108M(204M) 9.708ms
[5.209s][info][gc,cpu      ] GC(18) User=0.04s Sys=0.03s Real=0.01s
[5.405s][info][gc,start    ] GC(19) Pause Young (Concurrent Start) (G1 Evacuation Pause)
[5.405s][info][gc,task     ] GC(19) Using 10 workers of 10 for evacuation
[5.411s][info][gc,phases   ] GC(19)   Pre Evacuate Collection Set: 0.2ms
[5.411s][info][gc,phases   ] GC(19)   Merge Heap Roots: 0.1ms
[5.411s][info][gc,phases   ] GC(19)   Evacuate Collection Set: 4.7ms
[5.411s][info][gc,phases   ] GC(19)   Post Evacuate Collection Set: 0.8ms
[5.411s][info][gc,phases   ] GC(19)   Other: 0.2ms
[5.412s][info][gc,heap     ] GC(19) Eden regions: 15->0(12)
[5.412s][info][gc,heap     ] GC(19) Survivor regions: 2->3(3)
[5.412s][info][gc,heap     ] GC(19) Old regions: 25->27
[5.412s][info][gc,heap     ] GC(19) Humongous regions: 1->1
[5.412s][info][gc,metaspace] GC(19) Metaspace: 137777K(139776K)->137777K(139776K) NonClass: 121620K(122752K)->121620K(122752K) Class: 16156K(17024K)->16156K(17024K)
[5.412s][info][gc          ] GC(19) Pause Young (Concurrent Start) (G1 Evacuation Pause) 168M->122M(204M) 7.403ms
[5.412s][info][gc          ] GC(20) Concurrent Mark Cycle
[5.412s][info][gc,marking  ] GC(20) Concurrent Scan Root Regions
[5.412s][info][gc,cpu      ] GC(19) User=0.04s Sys=0.01s Real=0.01s
[5.416s][info][gc,marking  ] GC(20) Concurrent Scan Root Regions 3.332ms
[5.416s][info][gc,marking  ] GC(20) Concurrent Mark
[5.416s][info][gc,marking  ] GC(20) Concurrent Mark From Roots
[5.416s][info][gc,task     ] GC(20) Using 3 workers of 3 for marking
[5.451s][info][gc,marking  ] GC(20) Concurrent Mark From Roots 34.778ms
[5.451s][info][gc,marking  ] GC(20) Concurrent Preclean
[5.451s][info][gc,marking  ] GC(20) Concurrent Preclean 0.540ms
[5.452s][info][gc,start    ] GC(20) Pause Remark
[5.460s][info][gc          ] GC(20) Pause Remark 126M->122M(204M) 8.001ms
[5.460s][info][gc,cpu      ] GC(20) User=0.06s Sys=0.00s Real=0.01s
[5.461s][info][gc,marking  ] GC(20) Concurrent Mark 44.958ms
[5.461s][info][gc,marking  ] GC(20) Concurrent Rebuild Remembered Sets and Scrub Regions
[5.478s][info][gc,marking  ] GC(20) Concurrent Rebuild Remembered Sets and Scrub Regions 16.947ms
[5.478s][info][gc,start    ] GC(20) Pause Cleanup
[5.479s][info][gc          ] GC(20) Pause Cleanup 124M->124M(204M) 0.286ms
[5.479s][info][gc,cpu      ] GC(20) User=0.00s Sys=0.00s Real=0.00s
[5.479s][info][gc,marking  ] GC(20) Concurrent Clear Claimed Marks
[5.479s][info][gc,marking  ] GC(20) Concurrent Clear Claimed Marks 0.334ms
[5.480s][info][gc,marking  ] GC(20) Concurrent Cleanup for Next Mark
[5.480s][info][gc,marking  ] GC(20) Concurrent Cleanup for Next Mark 0.454ms
[5.480s][info][gc          ] GC(20) Concurrent Mark Cycle 68.089ms
[5.770s][info][gc,start    ] GC(21) Pause Young (Prepare Mixed) (G1 Evacuation Pause)
[5.770s][info][gc,task     ] GC(21) Using 10 workers of 10 for evacuation
[5.775s][info][gc,phases   ] GC(21)   Pre Evacuate Collection Set: 0.2ms
[5.775s][info][gc,phases   ] GC(21)   Merge Heap Roots: 0.1ms
[5.775s][info][gc,phases   ] GC(21)   Evacuate Collection Set: 3.7ms
[5.775s][info][gc,phases   ] GC(21)   Post Evacuate Collection Set: 0.8ms
[5.775s][info][gc,phases   ] GC(21)   Other: 0.2ms
[5.776s][info][gc,heap     ] GC(21) Eden regions: 12->0(11)
[5.776s][info][gc,heap     ] GC(21) Survivor regions: 3->2(2)
[5.776s][info][gc,heap     ] GC(21) Old regions: 27->31
[5.776s][info][gc,heap     ] GC(21) Humongous regions: 0->0
[5.776s][info][gc,metaspace] GC(21) Metaspace: 142175K(144320K)->142175K(144320K) NonClass: 125483K(126720K)->125483K(126720K) Class: 16692K(17600K)->16692K(17600K)
[5.776s][info][gc          ] GC(21) Pause Young (Prepare Mixed) (G1 Evacuation Pause) 166M->128M(204M) 6.524ms
[5.776s][info][gc,cpu      ] GC(21) User=0.03s Sys=0.02s Real=0.01s
[5.894s][info][gc,start    ] GC(22) Pause Young (Mixed) (G1 Evacuation Pause)
[5.894s][info][gc,task     ] GC(22) Using 10 workers of 10 for evacuation
[5.900s][info][gc,phases   ] GC(22)   Pre Evacuate Collection Set: 0.2ms
[5.900s][info][gc,phases   ] GC(22)   Merge Heap Roots: 0.1ms
[5.900s][info][gc,phases   ] GC(22)   Evacuate Collection Set: 4.4ms
[5.900s][info][gc,phases   ] GC(22)   Post Evacuate Collection Set: 1.3ms
[5.901s][info][gc,phases   ] GC(22)   Other: 0.2ms
[5.901s][info][gc,heap     ] GC(22) Eden regions: 11->0(22)
[5.901s][info][gc,heap     ] GC(22) Survivor regions: 2->2(2)
[5.901s][info][gc,heap     ] GC(22) Old regions: 31->30
[5.901s][info][gc,heap     ] GC(22) Humongous regions: 0->0
[5.901s][info][gc,metaspace] GC(22) Metaspace: 143315K(145408K)->143315K(145408K) NonClass: 126509K(127744K)->126509K(127744K) Class: 16806K(17664K)->16806K(17664K)
[5.901s][info][gc          ] GC(22) Pause Young (Mixed) (G1 Evacuation Pause) 172M->126M(264M) 7.908ms
[5.902s][info][gc,cpu      ] GC(22) User=0.05s Sys=0.00s Real=0.01s
[6.299s][info][gc,start    ] GC(23) Pause Young (Concurrent Start) (G1 Evacuation Pause)
[6.299s][info][gc,task     ] GC(23) Using 10 workers of 10 for evacuation
[6.305s][info][gc,phases   ] GC(23)   Pre Evacuate Collection Set: 0.2ms
[6.305s][info][gc,phases   ] GC(23)   Merge Heap Roots: 0.1ms
[6.305s][info][gc,phases   ] GC(23)   Evacuate Collection Set: 4.3ms
[6.305s][info][gc,phases   ] GC(23)   Post Evacuate Collection Set: 1.2ms
[6.305s][info][gc,phases   ] GC(23)   Other: 0.2ms
[6.306s][info][gc,heap     ] GC(23) Eden regions: 22->0(20)
[6.306s][info][gc,heap     ] GC(23) Survivor regions: 2->3(3)
[6.306s][info][gc,heap     ] GC(23) Old regions: 30->32
[6.306s][info][gc,heap     ] GC(23) Humongous regions: 0->0
[6.306s][info][gc,metaspace] GC(23) Metaspace: 153823K(156032K)->153823K(156032K) NonClass: 135487K(136768K)->135487K(136768K) Class: 18336K(19264K)->18336K(19264K)
[6.306s][info][gc          ] GC(23) Pause Young (Concurrent Start) (G1 Evacuation Pause) 214M->136M(264M) 7.676ms
[6.306s][info][gc          ] GC(24) Concurrent Mark Cycle
[6.306s][info][gc,marking  ] GC(24) Concurrent Scan Root Regions
[6.306s][info][gc,cpu      ] GC(23) User=0.02s Sys=0.02s Real=0.01s
[6.311s][info][gc,marking  ] GC(24) Concurrent Scan Root Regions 4.698ms
[6.311s][info][gc,marking  ] GC(24) Concurrent Mark
[6.312s][info][gc,marking  ] GC(24) Concurrent Mark From Roots
[6.312s][info][gc,task     ] GC(24) Using 3 workers of 3 for marking
[6.355s][info][gc,marking  ] GC(24) Concurrent Mark From Roots 43.234ms
[6.355s][info][gc,marking  ] GC(24) Concurrent Preclean
[6.356s][info][gc,marking  ] GC(24) Concurrent Preclean 1.160ms
[6.357s][info][gc,start    ] GC(24) Pause Remark
[6.367s][info][gc          ] GC(24) Pause Remark 149M->149M(264M) 10.064ms
[6.367s][info][gc,cpu      ] GC(24) User=0.06s Sys=0.01s Real=0.01s
[6.367s][info][gc,marking  ] GC(24) Concurrent Mark 55.846ms
[6.367s][info][gc,marking  ] GC(24) Concurrent Rebuild Remembered Sets and Scrub Regions
[6.384s][info][gc,marking  ] GC(24) Concurrent Rebuild Remembered Sets and Scrub Regions 16.516ms
[6.384s][info][gc,start    ] GC(24) Pause Cleanup
[6.385s][info][gc          ] GC(24) Pause Cleanup 151M->151M(264M) 0.365ms
[6.385s][info][gc,cpu      ] GC(24) User=0.01s Sys=0.00s Real=0.01s
[6.385s][info][gc,marking  ] GC(24) Concurrent Clear Claimed Marks
[6.386s][info][gc,marking  ] GC(24) Concurrent Clear Claimed Marks 0.527ms
[6.386s][info][gc,marking  ] GC(24) Concurrent Cleanup for Next Mark
[6.387s][info][gc,marking  ] GC(24) Concurrent Cleanup for Next Mark 0.969ms
[6.387s][info][gc          ] GC(24) Concurrent Mark Cycle 80.517ms
[6.524s][info][gc,start    ] GC(25) Pause Young (Prepare Mixed) (G1 Evacuation Pause)
[6.525s][info][gc,task     ] GC(25) Using 10 workers of 10 for evacuation
[6.531s][info][gc,phases   ] GC(25)   Pre Evacuate Collection Set: 0.2ms
[6.531s][info][gc,phases   ] GC(25)   Merge Heap Roots: 0.1ms
[6.531s][info][gc,phases   ] GC(25)   Evacuate Collection Set: 4.8ms
[6.532s][info][gc,phases   ] GC(25)   Post Evacuate Collection Set: 0.9ms
[6.532s][info][gc,phases   ] GC(25)   Other: 0.2ms
[6.532s][info][gc,heap     ] GC(25) Eden regions: 20->0(17)
[6.532s][info][gc,heap     ] GC(25) Survivor regions: 3->3(3)
[6.532s][info][gc,heap     ] GC(25) Old regions: 32->35
[6.532s][info][gc,heap     ] GC(25) Humongous regions: 2->2
[6.532s][info][gc,metaspace] GC(25) Metaspace: 159829K(162048K)->159829K(162048K) NonClass: 140164K(141440K)->140164K(141440K) Class: 19665K(20608K)->19665K(20608K)
[6.532s][info][gc          ] GC(25) Pause Young (Prepare Mixed) (G1 Evacuation Pause) 224M->157M(264M) 7.997ms
[6.533s][info][gc,cpu      ] GC(25) User=0.05s Sys=0.01s Real=0.01s
[6.606s][info][gc,start    ] GC(26) Pause Young (Mixed) (G1 Evacuation Pause)
[6.607s][info][gc,task     ] GC(26) Using 10 workers of 10 for evacuation
[6.611s][info][gc,phases   ] GC(26)   Pre Evacuate Collection Set: 0.2ms
[6.612s][info][gc,phases   ] GC(26)   Merge Heap Roots: 0.1ms
[6.612s][info][gc,phases   ] GC(26)   Evacuate Collection Set: 3.4ms
[6.612s][info][gc,phases   ] GC(26)   Post Evacuate Collection Set: 0.7ms
[6.612s][info][gc,phases   ] GC(26)   Other: 0.2ms
[6.612s][info][gc,heap     ] GC(26) Eden regions: 17->0(18)
[6.612s][info][gc,heap     ] GC(26) Survivor regions: 3->2(3)
[6.612s][info][gc,heap     ] GC(26) Old regions: 35->36
[6.612s][info][gc,heap     ] GC(26) Humongous regions: 4->1
[6.612s][info][gc,metaspace] GC(26) Metaspace: 160472K(162688K)->160472K(162688K) NonClass: 140762K(142016K)->140762K(142016K) Class: 19710K(20672K)->19710K(20672K)
[6.612s][info][gc          ] GC(26) Pause Young (Mixed) (G1 Evacuation Pause) 233M->151M(264M) 6.120ms
[6.613s][info][gc,cpu      ] GC(26) User=0.03s Sys=0.01s Real=0.00s
[6.701s][info][gc,start    ] GC(27) Pause Young (Concurrent Start) (G1 Evacuation Pause)
[6.702s][info][gc,task     ] GC(27) Using 10 workers of 10 for evacuation
[6.705s][info][gc,phases   ] GC(27)   Pre Evacuate Collection Set: 0.4ms
[6.705s][info][gc,phases   ] GC(27)   Merge Heap Roots: 0.2ms
[6.705s][info][gc,phases   ] GC(27)   Evacuate Collection Set: 2.2ms
[6.706s][info][gc,phases   ] GC(27)   Post Evacuate Collection Set: 0.6ms
[6.706s][info][gc,phases   ] GC(27)   Other: 0.2ms
[6.706s][info][gc,heap     ] GC(27) Eden regions: 18->0(18)
[6.706s][info][gc,heap     ] GC(27) Survivor regions: 2->3(3)
[6.706s][info][gc,heap     ] GC(27) Old regions: 36->36
[6.706s][info][gc,heap     ] GC(27) Humongous regions: 1->1
[6.706s][info][gc,metaspace] GC(27) Metaspace: 161877K(164160K)->161877K(164160K) NonClass: 141975K(143296K)->141975K(143296K) Class: 19902K(20864K)->19902K(20864K)
[6.707s][info][gc          ] GC(27) Pause Young (Concurrent Start) (G1 Evacuation Pause) 223M->154M(264M) 5.406ms
[6.707s][info][gc          ] GC(28) Concurrent Mark Cycle
[6.707s][info][gc,marking  ] GC(28) Concurrent Scan Root Regions
[6.707s][info][gc,cpu      ] GC(27) User=0.00s Sys=0.01s Real=0.01s
[6.710s][info][gc,marking  ] GC(28) Concurrent Scan Root Regions 2.816ms
[6.710s][info][gc,marking  ] GC(28) Concurrent Mark
[6.714s][info][gc,marking  ] GC(28) Concurrent Mark From Roots
[6.714s][info][gc,task     ] GC(28) Using 3 workers of 3 for marking
[6.774s][info][gc,start    ] GC(29) Pause Young (Normal) (G1 Evacuation Pause)
[6.774s][info][gc,task     ] GC(29) Using 10 workers of 10 for evacuation
[6.778s][info][gc,phases   ] GC(29)   Pre Evacuate Collection Set: 0.2ms
[6.778s][info][gc,phases   ] GC(29)   Merge Heap Roots: 0.1ms
[6.778s][info][gc,phases   ] GC(29)   Evacuate Collection Set: 2.4ms
[6.778s][info][gc,phases   ] GC(29)   Post Evacuate Collection Set: 0.9ms
[6.778s][info][gc,phases   ] GC(29)   Other: 0.2ms
[6.778s][info][gc,heap     ] GC(29) Eden regions: 18->0(43)
[6.778s][info][gc,heap     ] GC(29) Survivor regions: 3->2(3)
[6.779s][info][gc,heap     ] GC(29) Old regions: 36->37
[6.779s][info][gc,heap     ] GC(29) Humongous regions: 1->1
[6.779s][info][gc,metaspace] GC(29) Metaspace: 162176K(164416K)->162176K(164416K) NonClass: 142251K(143552K)->142251K(143552K) Class: 19924K(20864K)->19924K(20864K)
[6.779s][info][gc          ] GC(29) Pause Young (Normal) (G1 Evacuation Pause) 226M->155M(388M) 5.239ms
[6.779s][info][gc,cpu      ] GC(29) User=0.03s Sys=0.00s Real=0.01s
[6.827s][info][gc,marking  ] GC(28) Concurrent Mark From Roots 112.904ms
[6.827s][info][gc,marking  ] GC(28) Concurrent Preclean
[6.830s][info][gc,marking  ] GC(28) Concurrent Preclean 2.146ms
[6.832s][info][gc,start    ] GC(28) Pause Remark
[6.843s][info][gc          ] GC(28) Pause Remark 199M->199M(388M) 11.237ms
[6.844s][info][gc,cpu      ] GC(28) User=0.09s Sys=0.00s Real=0.01s
[6.844s][info][gc,marking  ] GC(28) Concurrent Mark 134.157ms
[6.844s][info][gc,marking  ] GC(28) Concurrent Rebuild Remembered Sets and Scrub Regions
[6.893s][info][gc,marking  ] GC(28) Concurrent Rebuild Remembered Sets and Scrub Regions 48.264ms
[6.894s][info][gc,start    ] GC(28) Pause Cleanup
[6.894s][info][gc          ] GC(28) Pause Cleanup 247M->247M(388M) 0.351ms
[6.894s][info][gc,cpu      ] GC(28) User=0.01s Sys=0.00s Real=0.00s
[6.895s][info][gc,marking  ] GC(28) Concurrent Clear Claimed Marks
[6.895s][info][gc,marking  ] GC(28) Concurrent Clear Claimed Marks 0.429ms
[6.895s][info][gc,marking  ] GC(28) Concurrent Cleanup for Next Mark
[6.899s][info][gc,marking  ] GC(28) Concurrent Cleanup for Next Mark 3.870ms
[6.899s][info][gc          ] GC(28) Concurrent Mark Cycle 192.539ms
[6.977s][info][gc,start    ] GC(30) Pause Young (Prepare Mixed) (G1 Evacuation Pause)
[6.977s][info][gc,task     ] GC(30) Using 10 workers of 10 for evacuation
[6.981s][info][gc,phases   ] GC(30)   Pre Evacuate Collection Set: 0.3ms
[6.981s][info][gc,phases   ] GC(30)   Merge Heap Roots: 0.2ms
[6.981s][info][gc,phases   ] GC(30)   Evacuate Collection Set: 2.1ms
[6.981s][info][gc,phases   ] GC(30)   Post Evacuate Collection Set: 0.6ms
[6.981s][info][gc,phases   ] GC(30)   Other: 0.2ms
[6.981s][info][gc,heap     ] GC(30) Eden regions: 43->0(47)
[6.981s][info][gc,heap     ] GC(30) Survivor regions: 2->3(6)
[6.981s][info][gc,heap     ] GC(30) Old regions: 37->37
[6.981s][info][gc,heap     ] GC(30) Humongous regions: 1->1
[6.981s][info][gc,metaspace] GC(30) Metaspace: 162503K(164736K)->162503K(164736K) NonClass: 142574K(143808K)->142574K(143808K) Class: 19928K(20928K)->19928K(20928K)
[6.982s][info][gc          ] GC(30) Pause Young (Prepare Mixed) (G1 Evacuation Pause) 327M->159M(388M) 4.672ms
[6.982s][info][gc,cpu      ] GC(30) User=0.01s Sys=0.00s Real=0.00s
[7.180s][info][gc,start    ] GC(31) Pause Young (Mixed) (G1 Evacuation Pause)
[7.180s][info][gc,task     ] GC(31) Using 10 workers of 10 for evacuation
[7.184s][info][gc,phases   ] GC(31)   Pre Evacuate Collection Set: 0.2ms
[7.185s][info][gc,phases   ] GC(31)   Merge Heap Roots: 0.1ms
[7.185s][info][gc,phases   ] GC(31)   Evacuate Collection Set: 3.2ms
[7.185s][info][gc,phases   ] GC(31)   Post Evacuate Collection Set: 0.6ms
[7.185s][info][gc,phases   ] GC(31)   Other: 0.2ms
[7.185s][info][gc,heap     ] GC(31) Eden regions: 47->0(46)
[7.185s][info][gc,heap     ] GC(31) Survivor regions: 3->4(7)
[7.185s][info][gc,heap     ] GC(31) Old regions: 37->36
[7.186s][info][gc,heap     ] GC(31) Humongous regions: 1->1
[7.186s][info][gc,metaspace] GC(31) Metaspace: 162832K(165120K)->162832K(165120K) NonClass: 142896K(144192K)->142896K(144192K) Class: 19935K(20928K)->19935K(20928K)
[7.186s][info][gc          ] GC(31) Pause Young (Mixed) (G1 Evacuation Pause) 347M->159M(388M) 6.017ms
[7.186s][info][gc,cpu      ] GC(31) User=0.02s Sys=0.02s Real=0.01s
[7.309s][info][gc,start    ] GC(32) Pause Young (Concurrent Start) (G1 Evacuation Pause)
[7.309s][info][gc,task     ] GC(32) Using 10 workers of 10 for evacuation
[7.313s][info][gc,phases   ] GC(32)   Pre Evacuate Collection Set: 0.2ms
[7.313s][info][gc,phases   ] GC(32)   Merge Heap Roots: 0.1ms
[7.313s][info][gc,phases   ] GC(32)   Evacuate Collection Set: 2.9ms
[7.313s][info][gc,phases   ] GC(32)   Post Evacuate Collection Set: 0.6ms
[7.314s][info][gc,phases   ] GC(32)   Other: 0.2ms
[7.314s][info][gc,heap     ] GC(32) Eden regions: 46->0(46)
[7.314s][info][gc,heap     ] GC(32) Survivor regions: 4->4(7)
[7.314s][info][gc,heap     ] GC(32) Old regions: 36->36
[7.314s][info][gc,heap     ] GC(32) Humongous regions: 1->1
[7.314s][info][gc,metaspace] GC(32) Metaspace: 163008K(165248K)->163008K(165248K) NonClass: 143072K(144320K)->143072K(144320K) Class: 19935K(20928K)->19935K(20928K)
[7.314s][info][gc          ] GC(32) Pause Young (Concurrent Start) (G1 Evacuation Pause) 343M->160M(388M) 5.584ms
[7.314s][info][gc          ] GC(33) Concurrent Mark Cycle
[7.315s][info][gc,marking  ] GC(33) Concurrent Scan Root Regions
[7.314s][info][gc,cpu      ] GC(32) User=0.03s Sys=0.00s Real=0.00s
[7.319s][info][gc,marking  ] GC(33) Concurrent Scan Root Regions 4.722ms
[7.320s][info][gc,marking  ] GC(33) Concurrent Mark
[7.320s][info][gc,marking  ] GC(33) Concurrent Mark From Roots
[7.320s][info][gc,task     ] GC(33) Using 3 workers of 3 for marking
[7.391s][info][gc,marking  ] GC(33) Concurrent Mark From Roots 71.241ms
[7.398s][info][gc,marking  ] GC(33) Concurrent Preclean
[7.400s][info][gc,marking  ] GC(33) Concurrent Preclean 1.793ms
[7.401s][info][gc,start    ] GC(33) Pause Remark
[7.406s][info][gc          ] GC(33) Pause Remark 287M->287M(388M) 5.467ms
[7.406s][info][gc,cpu      ] GC(33) User=0.04s Sys=0.00s Real=0.01s
[7.407s][info][gc,marking  ] GC(33) Concurrent Mark 86.764ms
[7.407s][info][gc,marking  ] GC(33) Concurrent Rebuild Remembered Sets and Scrub Regions
[7.437s][info][gc,marking  ] GC(33) Concurrent Rebuild Remembered Sets and Scrub Regions 29.916ms
[7.438s][info][gc,start    ] GC(33) Pause Cleanup
[7.438s][info][gc          ] GC(33) Pause Cleanup 289M->289M(388M) 0.406ms
[7.438s][info][gc,cpu      ] GC(33) User=0.00s Sys=0.00s Real=0.00s
[7.439s][info][gc,marking  ] GC(33) Concurrent Clear Claimed Marks
[7.439s][info][gc,marking  ] GC(33) Concurrent Clear Claimed Marks 0.566ms
[7.439s][info][gc,marking  ] GC(33) Concurrent Cleanup for Next Mark
[7.440s][info][gc,marking  ] GC(33) Concurrent Cleanup for Next Mark 0.657ms
[7.441s][info][gc          ] GC(33) Concurrent Mark Cycle 126.529ms
[7.624s][info][gc,start    ] GC(34) Pause Young (Prepare Mixed) (G1 Evacuation Pause)
[7.624s][info][gc,task     ] GC(34) Using 10 workers of 10 for evacuation
[7.631s][info][gc,phases   ] GC(34)   Pre Evacuate Collection Set: 0.2ms
[7.632s][info][gc,phases   ] GC(34)   Merge Heap Roots: 0.2ms
[7.632s][info][gc,phases   ] GC(34)   Evacuate Collection Set: 5.1ms
[7.632s][info][gc,phases   ] GC(34)   Post Evacuate Collection Set: 1.3ms
[7.632s][info][gc,phases   ] GC(34)   Other: 0.3ms
[7.632s][info][gc,heap     ] GC(34) Eden regions: 46->0(44)
[7.632s][info][gc,heap     ] GC(34) Survivor regions: 4->5(7)
[7.632s][info][gc,heap     ] GC(34) Old regions: 36->36
[7.633s][info][gc,heap     ] GC(34) Humongous regions: 1->1
[7.633s][info][gc,metaspace] GC(34) Metaspace: 166528K(168832K)->166528K(168832K) NonClass: 146127K(147456K)->146127K(147456K) Class: 20400K(21376K)->20400K(21376K)
[7.633s][info][gc          ] GC(34) Pause Young (Prepare Mixed) (G1 Evacuation Pause) 344M->166M(388M) 8.766ms
[7.633s][info][gc,cpu      ] GC(34) User=0.03s Sys=0.02s Real=0.01s
[10.124s][info][gc,start    ] GC(35) Pause Young (Mixed) (G1 Evacuation Pause)
[10.125s][info][gc,task     ] GC(35) Using 10 workers of 10 for evacuation
[10.137s][info][gc,phases   ] GC(35)   Pre Evacuate Collection Set: 0.3ms
[10.137s][info][gc,phases   ] GC(35)   Merge Heap Roots: 0.2ms
[10.137s][info][gc,phases   ] GC(35)   Evacuate Collection Set: 9.7ms
[10.137s][info][gc,phases   ] GC(35)   Post Evacuate Collection Set: 1.9ms
[10.138s][info][gc,phases   ] GC(35)   Other: 0.2ms
[10.138s][info][gc,heap     ] GC(35) Eden regions: 44->0(40)
[10.138s][info][gc,heap     ] GC(35) Survivor regions: 5->7(7)
[10.138s][info][gc,heap     ] GC(35) Old regions: 36->37
[10.138s][info][gc,heap     ] GC(35) Humongous regions: 1->0
[10.138s][info][gc,metaspace] GC(35) Metaspace: 187894K(190400K)->187894K(190400K) NonClass: 164887K(166336K)->164887K(166336K) Class: 23007K(24064K)->23007K(24064K)
[10.138s][info][gc          ] GC(35) Pause Young (Mixed) (G1 Evacuation Pause) 342M->174M(388M) 13.726ms
[10.138s][info][gc,cpu      ] GC(35) User=0.10s Sys=0.02s Real=0.02s
[10.934s][info][gc,start    ] GC(36) Pause Young (Concurrent Start) (G1 Evacuation Pause)
[10.934s][info][gc,task     ] GC(36) Using 10 workers of 10 for evacuation
[10.950s][info][gc,phases   ] GC(36)   Pre Evacuate Collection Set: 0.3ms
[10.950s][info][gc,phases   ] GC(36)   Merge Heap Roots: 0.2ms
[10.950s][info][gc,phases   ] GC(36)   Evacuate Collection Set: 14.0ms
[10.951s][info][gc,phases   ] GC(36)   Post Evacuate Collection Set: 1.1ms
[10.951s][info][gc,phases   ] GC(36)   Other: 0.2ms
[10.951s][info][gc,heap     ] GC(36) Eden regions: 40->0(35)
[10.951s][info][gc,heap     ] GC(36) Survivor regions: 7->6(6)
[10.951s][info][gc,heap     ] GC(36) Old regions: 37->45
[10.951s][info][gc,heap     ] GC(36) Humongous regions: 0->0
[10.951s][info][gc,metaspace] GC(36) Metaspace: 193715K(196288K)->193715K(196288K) NonClass: 169974K(171456K)->169974K(171456K) Class: 23740K(24832K)->23740K(24832K)
[10.951s][info][gc          ] GC(36) Pause Young (Concurrent Start) (G1 Evacuation Pause) 334M->203M(392M) 17.061ms
[10.951s][info][gc          ] GC(37) Concurrent Mark Cycle
[10.951s][info][gc,marking  ] GC(37) Concurrent Scan Root Regions
[10.951s][info][gc,cpu      ] GC(36) User=0.13s Sys=0.01s Real=0.02s
[10.959s][info][gc,marking  ] GC(37) Concurrent Scan Root Regions 7.909ms
[10.959s][info][gc,marking  ] GC(37) Concurrent Mark
[10.960s][info][gc,marking  ] GC(37) Concurrent Mark From Roots
[10.960s][info][gc,task     ] GC(37) Using 3 workers of 3 for marking
[11.005s][info][gc,marking  ] GC(37) Concurrent Mark From Roots 45.434ms
[11.005s][info][gc,marking  ] GC(37) Concurrent Preclean
[11.006s][info][gc,marking  ] GC(37) Concurrent Preclean 0.732ms
[11.006s][info][gc,start    ] GC(37) Pause Remark
[11.012s][info][gc          ] GC(37) Pause Remark 215M->215M(392M) 5.307ms
[11.012s][info][gc,cpu      ] GC(37) User=0.03s Sys=0.01s Real=0.00s
[11.012s][info][gc,marking  ] GC(37) Concurrent Mark 52.529ms
[11.012s][info][gc,marking  ] GC(37) Concurrent Rebuild Remembered Sets and Scrub Regions
[11.035s][info][gc,marking  ] GC(37) Concurrent Rebuild Remembered Sets and Scrub Regions 23.043ms
[11.036s][info][gc,start    ] GC(37) Pause Cleanup
[11.036s][info][gc          ] GC(37) Pause Cleanup 216M->216M(392M) 0.293ms
[11.036s][info][gc,cpu      ] GC(37) User=0.00s Sys=0.00s Real=0.00s
[11.036s][info][gc,marking  ] GC(37) Concurrent Clear Claimed Marks
[11.037s][info][gc,marking  ] GC(37) Concurrent Clear Claimed Marks 0.280ms
[11.037s][info][gc,marking  ] GC(37) Concurrent Cleanup for Next Mark
[11.037s][info][gc,marking  ] GC(37) Concurrent Cleanup for Next Mark 0.383ms
[11.037s][info][gc          ] GC(37) Concurrent Mark Cycle 85.935ms
[21.723s][info][gc,start    ] GC(38) Pause Young (Prepare Mixed) (G1 Evacuation Pause)
[21.723s][info][gc,task     ] GC(38) Using 10 workers of 10 for evacuation
[21.732s][info][gc,phases   ] GC(38)   Pre Evacuate Collection Set: 0.2ms
[21.733s][info][gc,phases   ] GC(38)   Merge Heap Roots: 0.1ms
[21.733s][info][gc,phases   ] GC(38)   Evacuate Collection Set: 7.5ms
[21.733s][info][gc,phases   ] GC(38)   Post Evacuate Collection Set: 1.4ms
[21.733s][info][gc,phases   ] GC(38)   Other: 0.2ms
[21.733s][info][gc,heap     ] GC(38) Eden regions: 35->0(34)
[21.733s][info][gc,heap     ] GC(38) Survivor regions: 6->3(6)
[21.733s][info][gc,heap     ] GC(38) Old regions: 45->52
[21.734s][info][gc,heap     ] GC(38) Humongous regions: 0->0
[21.734s][info][gc,metaspace] GC(38) Metaspace: 202541K(205376K)->202541K(205376K) NonClass: 177615K(179264K)->177615K(179264K) Class: 24926K(26112K)->24926K(26112K)
[21.734s][info][gc          ] GC(38) Pause Young (Prepare Mixed) (G1 Evacuation Pause) 343M->216M(392M) 10.979ms
[21.734s][info][gc,cpu      ] GC(38) User=0.08s Sys=0.00s Real=0.01s
[22.281s][info][gc,start    ] GC(39) Pause Young (Mixed) (G1 Evacuation Pause)
[22.281s][info][gc,task     ] GC(39) Using 10 workers of 10 for evacuation
[22.287s][info][gc,phases   ] GC(39)   Pre Evacuate Collection Set: 0.2ms
[22.287s][info][gc,phases   ] GC(39)   Merge Heap Roots: 0.1ms
[22.288s][info][gc,phases   ] GC(39)   Evacuate Collection Set: 4.8ms
[22.288s][info][gc,phases   ] GC(39)   Post Evacuate Collection Set: 0.9ms
[22.288s][info][gc,phases   ] GC(39)   Other: 0.2ms
[22.288s][info][gc,heap     ] GC(39) Eden regions: 34->0(32)
[22.288s][info][gc,heap     ] GC(39) Survivor regions: 3->4(5)
[22.288s][info][gc,heap     ] GC(39) Old regions: 52->52
[22.288s][info][gc,heap     ] GC(39) Humongous regions: 0->0
[22.288s][info][gc,metaspace] GC(39) Metaspace: 205138K(208000K)->205138K(208000K) NonClass: 179930K(181568K)->179930K(181568K) Class: 25208K(26432K)->25208K(26432K)
[22.288s][info][gc          ] GC(39) Pause Young (Mixed) (G1 Evacuation Pause) 352M->219M(392M) 7.766ms
[22.289s][info][gc,cpu      ] GC(39) User=0.05s Sys=0.00s Real=0.01s
[22.548s][info][gc,start    ] GC(40) Pause Young (Concurrent Start) (G1 Evacuation Pause)
[22.548s][info][gc,task     ] GC(40) Using 10 workers of 10 for evacuation
[22.554s][info][gc,phases   ] GC(40)   Pre Evacuate Collection Set: 0.3ms
[22.554s][info][gc,phases   ] GC(40)   Merge Heap Roots: 0.2ms
[22.554s][info][gc,phases   ] GC(40)   Evacuate Collection Set: 4.0ms
[22.554s][info][gc,phases   ] GC(40)   Post Evacuate Collection Set: 0.9ms
[22.555s][info][gc,phases   ] GC(40)   Other: 0.2ms
[22.555s][info][gc,heap     ] GC(40) Eden regions: 32->0(32)
[22.555s][info][gc,heap     ] GC(40) Survivor regions: 4->3(5)
[22.555s][info][gc,heap     ] GC(40) Old regions: 52->54
[22.555s][info][gc,heap     ] GC(40) Humongous regions: 0->0
[22.555s][info][gc,metaspace] GC(40) Metaspace: 206333K(209216K)->206333K(209216K) NonClass: 180997K(182656K)->180997K(182656K) Class: 25336K(26560K)->25336K(26560K)
[22.555s][info][gc          ] GC(40) Pause Young (Concurrent Start) (G1 Evacuation Pause) 347M->223M(392M) 7.153ms
[22.555s][info][gc          ] GC(41) Concurrent Mark Cycle
[22.556s][info][gc,marking  ] GC(41) Concurrent Scan Root Regions
[22.556s][info][gc,cpu      ] GC(40) User=0.03s Sys=0.01s Real=0.01s
[22.562s][info][gc,marking  ] GC(41) Concurrent Scan Root Regions 6.637ms
[22.563s][info][gc,marking  ] GC(41) Concurrent Mark
[22.563s][info][gc,marking  ] GC(41) Concurrent Mark From Roots
[22.563s][info][gc,task     ] GC(41) Using 3 workers of 3 for marking
[22.707s][info][gc,marking  ] GC(41) Concurrent Mark From Roots 143.957ms
[22.707s][info][gc,marking  ] GC(41) Concurrent Preclean
[22.709s][info][gc,marking  ] GC(41) Concurrent Preclean 1.734ms
[22.709s][info][gc,start    ] GC(41) Pause Remark
[22.724s][info][gc          ] GC(41) Pause Remark 299M->299M(392M) 15.084ms
[22.724s][info][gc,cpu      ] GC(41) User=0.11s Sys=0.00s Real=0.01s
[22.725s][info][gc,marking  ] GC(41) Concurrent Mark 162.045ms
[22.725s][info][gc,marking  ] GC(41) Concurrent Rebuild Remembered Sets and Scrub Regions
[22.771s][info][gc,marking  ] GC(41) Concurrent Rebuild Remembered Sets and Scrub Regions 46.329ms
[22.772s][info][gc,start    ] GC(41) Pause Cleanup
[22.772s][info][gc          ] GC(41) Pause Cleanup 321M->321M(392M) 0.308ms
[22.772s][info][gc,cpu      ] GC(41) User=0.00s Sys=0.00s Real=0.00s
[22.772s][info][gc,marking  ] GC(41) Concurrent Clear Claimed Marks
[22.773s][info][gc,marking  ] GC(41) Concurrent Clear Claimed Marks 0.378ms
[22.773s][info][gc,marking  ] GC(41) Concurrent Cleanup for Next Mark
[22.774s][info][gc,marking  ] GC(41) Concurrent Cleanup for Next Mark 0.627ms
[22.774s][info][gc          ] GC(41) Concurrent Mark Cycle 218.287ms
[22.820s][info][gc,start    ] GC(42) Pause Young (Prepare Mixed) (G1 Evacuation Pause)
[22.820s][info][gc,task     ] GC(42) Using 10 workers of 10 for evacuation
[22.827s][info][gc,phases   ] GC(42)   Pre Evacuate Collection Set: 0.3ms
[22.827s][info][gc,phases   ] GC(42)   Merge Heap Roots: 0.1ms
[22.827s][info][gc,phases   ] GC(42)   Evacuate Collection Set: 4.7ms
[22.827s][info][gc,phases   ] GC(42)   Post Evacuate Collection Set: 0.8ms
[22.827s][info][gc,phases   ] GC(42)   Other: 0.2ms
[22.827s][info][gc,heap     ] GC(42) Eden regions: 32->0(28)
[22.827s][info][gc,heap     ] GC(42) Survivor regions: 3->5(5)
[22.827s][info][gc,heap     ] GC(42) Old regions: 54->54
[22.827s][info][gc,heap     ] GC(42) Humongous regions: 0->0
[22.828s][info][gc,metaspace] GC(42) Metaspace: 206819K(209664K)->206819K(209664K) NonClass: 181475K(183104K)->181475K(183104K) Class: 25344K(26560K)->25344K(26560K)
[22.828s][info][gc          ] GC(42) Pause Young (Prepare Mixed) (G1 Evacuation Pause) 351M->233M(392M) 7.603ms
[22.828s][info][gc,cpu      ] GC(42) User=0.04s Sys=0.00s Real=0.01s
[23.021s][info][gc,start    ] GC(43) Pause Young (Mixed) (G1 Evacuation Pause)
[23.021s][info][gc,task     ] GC(43) Using 10 workers of 10 for evacuation
[23.028s][info][gc,phases   ] GC(43)   Pre Evacuate Collection Set: 0.2ms
[23.028s][info][gc,phases   ] GC(43)   Merge Heap Roots: 0.2ms
[23.028s][info][gc,phases   ] GC(43)   Evacuate Collection Set: 5.5ms
[23.029s][info][gc,phases   ] GC(43)   Post Evacuate Collection Set: 1.3ms
[23.029s][info][gc,phases   ] GC(43)   Other: 0.1ms
[23.029s][info][gc,heap     ] GC(43) Eden regions: 28->0(72)
[23.029s][info][gc,heap     ] GC(43) Survivor regions: 5->2(5)
[23.029s][info][gc,heap     ] GC(43) Old regions: 54->54
[23.029s][info][gc,heap     ] GC(43) Humongous regions: 0->0
[23.029s][info][gc,metaspace] GC(43) Metaspace: 207113K(209984K)->207113K(209984K) NonClass: 181769K(183424K)->181769K(183424K) Class: 25344K(26560K)->25344K(26560K)
[23.029s][info][gc          ] GC(43) Pause Young (Mixed) (G1 Evacuation Pause) 345M->220M(600M) 8.527ms
[23.029s][info][gc,cpu      ] GC(43) User=0.05s Sys=0.00s Real=0.01s
[23.566s][info][gc,start    ] GC(44) Pause Young (Normal) (G1 Evacuation Pause)
[23.566s][info][gc,task     ] GC(44) Using 10 workers of 10 for evacuation
[23.570s][info][gc,phases   ] GC(44)   Pre Evacuate Collection Set: 0.2ms
[23.570s][info][gc,phases   ] GC(44)   Merge Heap Roots: 0.1ms
[23.570s][info][gc,phases   ] GC(44)   Evacuate Collection Set: 2.7ms
[23.571s][info][gc,phases   ] GC(44)   Post Evacuate Collection Set: 0.9ms
[23.571s][info][gc,phases   ] GC(44)   Other: 0.2ms
[23.571s][info][gc,heap     ] GC(44) Eden regions: 72->0(80)
[23.571s][info][gc,heap     ] GC(44) Survivor regions: 2->3(10)
[23.571s][info][gc,heap     ] GC(44) Old regions: 54->54
[23.571s][info][gc,heap     ] GC(44) Humongous regions: 0->0
[23.571s][info][gc,metaspace] GC(44) Metaspace: 207262K(210112K)->207262K(210112K) NonClass: 181918K(183552K)->181918K(183552K) Class: 25344K(26560K)->25344K(26560K)
[23.571s][info][gc          ] GC(44) Pause Young (Normal) (G1 Evacuation Pause) 508M->222M(600M) 5.593ms
[23.571s][info][gc,cpu      ] GC(44) User=0.03s Sys=0.00s Real=0.00s
[24.336s][info][gc,start    ] GC(45) Pause Young (Concurrent Start) (G1 Humongous Allocation)
[24.337s][info][gc,task     ] GC(45) Using 10 workers of 10 for evacuation
[24.341s][info][gc,phases   ] GC(45)   Pre Evacuate Collection Set: 0.5ms
[24.342s][info][gc,phases   ] GC(45)   Merge Heap Roots: 0.2ms
[24.342s][info][gc,phases   ] GC(45)   Evacuate Collection Set: 3.0ms
[24.342s][info][gc,phases   ] GC(45)   Post Evacuate Collection Set: 0.9ms
[24.342s][info][gc,phases   ] GC(45)   Other: 0.2ms
[24.342s][info][gc,heap     ] GC(45) Eden regions: 30->0(82)
[24.342s][info][gc,heap     ] GC(45) Survivor regions: 3->3(11)
[24.343s][info][gc,heap     ] GC(45) Old regions: 54->54
[24.343s][info][gc,heap     ] GC(45) Humongous regions: 0->0
[24.343s][info][gc,metaspace] GC(45) Metaspace: 207748K(210560K)->207748K(210560K) NonClass: 182371K(184000K)->182371K(184000K) Class: 25376K(26560K)->25376K(26560K)
[24.343s][info][gc          ] GC(45) Pause Young (Concurrent Start) (G1 Humongous Allocation) 341M->223M(600M) 6.713ms
[24.343s][info][gc          ] GC(46) Concurrent Mark Cycle
[24.343s][info][gc,marking  ] GC(46) Concurrent Scan Root Regions
[24.343s][info][gc,cpu      ] GC(45) User=0.02s Sys=0.01s Real=0.00s
[24.347s][info][gc,marking  ] GC(46) Concurrent Scan Root Regions 3.539ms
[24.347s][info][gc,marking  ] GC(46) Concurrent Mark
[24.347s][info][gc,marking  ] GC(46) Concurrent Mark From Roots
[24.347s][info][gc,task     ] GC(46) Using 3 workers of 3 for marking
[24.410s][info][gc,marking  ] GC(46) Concurrent Mark From Roots 62.819ms
[24.410s][info][gc,marking  ] GC(46) Concurrent Preclean
[24.411s][info][gc,marking  ] GC(46) Concurrent Preclean 1.191ms
[24.412s][info][gc,start    ] GC(46) Pause Remark
[24.426s][info][gc          ] GC(46) Pause Remark 231M->231M(600M) 14.480ms
[24.426s][info][gc,cpu      ] GC(46) User=0.12s Sys=0.00s Real=0.02s
[24.427s][info][gc,marking  ] GC(46) Concurrent Mark 79.540ms
[24.427s][info][gc,marking  ] GC(46) Concurrent Rebuild Remembered Sets and Scrub Regions
[24.457s][info][gc,marking  ] GC(46) Concurrent Rebuild Remembered Sets and Scrub Regions 29.996ms
[24.457s][info][gc,start    ] GC(46) Pause Cleanup
[24.458s][info][gc          ] GC(46) Pause Cleanup 233M->233M(600M) 0.382ms
[24.458s][info][gc,cpu      ] GC(46) User=0.00s Sys=0.00s Real=0.00s
[24.458s][info][gc,marking  ] GC(46) Concurrent Clear Claimed Marks
[24.458s][info][gc,marking  ] GC(46) Concurrent Clear Claimed Marks 0.302ms
[24.458s][info][gc,marking  ] GC(46) Concurrent Cleanup for Next Mark
[24.460s][info][gc,marking  ] GC(46) Concurrent Cleanup for Next Mark 1.958ms
[24.460s][info][gc          ] GC(46) Concurrent Mark Cycle 117.237ms
[26.800s][info][gc,start    ] GC(47) Pause Young (Prepare Mixed) (G1 Evacuation Pause)
[26.801s][info][gc,task     ] GC(47) Using 10 workers of 10 for evacuation
[26.806s][info][gc,phases   ] GC(47)   Pre Evacuate Collection Set: 0.3ms
[26.806s][info][gc,phases   ] GC(47)   Merge Heap Roots: 0.2ms
[26.806s][info][gc,phases   ] GC(47)   Evacuate Collection Set: 3.4ms
[26.806s][info][gc,phases   ] GC(47)   Post Evacuate Collection Set: 0.9ms
[26.806s][info][gc,phases   ] GC(47)   Other: 0.2ms
[26.806s][info][gc,heap     ] GC(47) Eden regions: 82->0(79)
[26.806s][info][gc,heap     ] GC(47) Survivor regions: 3->4(11)
[26.807s][info][gc,heap     ] GC(47) Old regions: 54->54
[26.807s][info][gc,heap     ] GC(47) Humongous regions: 1->1
[26.807s][info][gc,metaspace] GC(47) Metaspace: 207930K(210752K)->207930K(210752K) NonClass: 182542K(184192K)->182542K(184192K) Class: 25387K(26560K)->25387K(26560K)
[26.807s][info][gc          ] GC(47) Pause Young (Prepare Mixed) (G1 Evacuation Pause) 555M->229M(600M) 6.483ms
[26.807s][info][gc,cpu      ] GC(47) User=0.04s Sys=0.00s Real=0.01s
[27.420s][info][gc,start    ] GC(48) Pause Young (Mixed) (GCLocker Initiated GC)
[27.420s][info][gc,task     ] GC(48) Using 10 workers of 10 for evacuation
[27.439s][info][gc,phases   ] GC(48)   Pre Evacuate Collection Set: 0.3ms
[27.439s][info][gc,phases   ] GC(48)   Merge Heap Roots: 0.2ms
[27.440s][info][gc,phases   ] GC(48)   Evacuate Collection Set: 15.7ms
[27.440s][info][gc,phases   ] GC(48)   Post Evacuate Collection Set: 2.1ms
[27.440s][info][gc,phases   ] GC(48)   Other: 0.3ms
[27.441s][info][gc,heap     ] GC(48) Eden regions: 80->0(73)
[27.441s][info][gc,heap     ] GC(48) Survivor regions: 4->8(11)
[27.441s][info][gc,heap     ] GC(48) Old regions: 54->52
[27.441s][info][gc,heap     ] GC(48) Humongous regions: 1->1
[27.441s][info][gc,metaspace] GC(48) Metaspace: 209679K(212608K)->209679K(212608K) NonClass: 184088K(185792K)->184088K(185792K) Class: 25591K(26816K)->25591K(26816K)
[27.441s][info][gc          ] GC(48) Pause Young (Mixed) (GCLocker Initiated GC) 545M->239M(600M) 21.498ms
[27.442s][info][gc,cpu      ] GC(48) User=0.15s Sys=0.01s Real=0.02s
[27.812s][info][gc,start    ] GC(49) Pause Young (Concurrent Start) (G1 Evacuation Pause)
[27.812s][info][gc,task     ] GC(49) Using 10 workers of 10 for evacuation
[27.826s][info][gc,phases   ] GC(49)   Pre Evacuate Collection Set: 0.3ms
[27.826s][info][gc,phases   ] GC(49)   Merge Heap Roots: 0.1ms
[27.826s][info][gc,phases   ] GC(49)   Evacuate Collection Set: 11.6ms
[27.826s][info][gc,phases   ] GC(49)   Post Evacuate Collection Set: 1.4ms
[27.827s][info][gc,phases   ] GC(49)   Other: 0.2ms
[27.827s][info][gc,heap     ] GC(49) Eden regions: 73->0(69)
[27.827s][info][gc,heap     ] GC(49) Survivor regions: 8->9(11)
[27.827s][info][gc,heap     ] GC(49) Old regions: 52->54
[27.827s][info][gc,heap     ] GC(49) Humongous regions: 1->1
[27.827s][info][gc,metaspace] GC(49) Metaspace: 209759K(212608K)->209759K(212608K) NonClass: 184168K(185792K)->184168K(185792K) Class: 25591K(26816K)->25591K(26816K)
[27.828s][info][gc          ] GC(49) Pause Young (Concurrent Start) (G1 Evacuation Pause) 531M->250M(600M) 15.700ms
[27.828s][info][gc          ] GC(50) Concurrent Mark Cycle
[27.828s][info][gc,marking  ] GC(50) Concurrent Scan Root Regions
[27.828s][info][gc,cpu      ] GC(49) User=0.13s Sys=0.00s Real=0.02s
[27.839s][info][gc,marking  ] GC(50) Concurrent Scan Root Regions 11.022ms
[27.839s][info][gc,marking  ] GC(50) Concurrent Mark
[27.839s][info][gc,marking  ] GC(50) Concurrent Mark From Roots
[27.840s][info][gc,task     ] GC(50) Using 3 workers of 3 for marking
[27.943s][info][gc,marking  ] GC(50) Concurrent Mark From Roots 103.795ms
[27.944s][info][gc,marking  ] GC(50) Concurrent Preclean
[27.945s][info][gc,marking  ] GC(50) Concurrent Preclean 1.439ms
[27.945s][info][gc,start    ] GC(50) Pause Remark
[27.952s][info][gc          ] GC(50) Pause Remark 312M->312M(600M) 6.786ms
[27.952s][info][gc,cpu      ] GC(50) User=0.04s Sys=0.01s Real=0.00s
[27.953s][info][gc,marking  ] GC(50) Concurrent Mark 113.279ms
[27.953s][info][gc,marking  ] GC(50) Concurrent Rebuild Remembered Sets and Scrub Regions
[27.990s][info][gc,marking  ] GC(50) Concurrent Rebuild Remembered Sets and Scrub Regions 37.159ms
[27.990s][info][gc,start    ] GC(50) Pause Cleanup
[27.991s][info][gc          ] GC(50) Pause Cleanup 329M->329M(600M) 0.347ms
[27.991s][info][gc,cpu      ] GC(50) User=0.00s Sys=0.00s Real=0.00s
[27.991s][info][gc,marking  ] GC(50) Concurrent Clear Claimed Marks
[27.992s][info][gc,marking  ] GC(50) Concurrent Clear Claimed Marks 0.518ms
[27.992s][info][gc,marking  ] GC(50) Concurrent Cleanup for Next Mark
[27.993s][info][gc,marking  ] GC(50) Concurrent Cleanup for Next Mark 0.584ms
[27.993s][info][gc          ] GC(50) Concurrent Mark Cycle 164.903ms
[28.374s][info][gc,start    ] GC(51) Pause Young (Prepare Mixed) (G1 Evacuation Pause)
[28.374s][info][gc,task     ] GC(51) Using 10 workers of 10 for evacuation
[28.385s][info][gc,phases   ] GC(51)   Pre Evacuate Collection Set: 0.3ms
[28.385s][info][gc,phases   ] GC(51)   Merge Heap Roots: 0.2ms
[28.386s][info][gc,phases   ] GC(51)   Evacuate Collection Set: 9.6ms
[28.386s][info][gc,phases   ] GC(51)   Post Evacuate Collection Set: 0.8ms
[28.386s][info][gc,phases   ] GC(51)   Other: 0.2ms
[28.386s][info][gc,heap     ] GC(51) Eden regions: 69->0(70)
[28.386s][info][gc,heap     ] GC(51) Survivor regions: 9->7(10)
[28.386s][info][gc,heap     ] GC(51) Old regions: 54->57
[28.386s][info][gc,heap     ] GC(51) Humongous regions: 1->1
[28.386s][info][gc,metaspace] GC(51) Metaspace: 209779K(212672K)->209779K(212672K) NonClass: 184187K(185856K)->184187K(185856K) Class: 25591K(26816K)->25591K(26816K)
[28.386s][info][gc          ] GC(51) Pause Young (Prepare Mixed) (G1 Evacuation Pause) 526M->253M(600M) 12.476ms
[28.387s][info][gc,cpu      ] GC(51) User=0.11s Sys=0.00s Real=0.02s
[28.850s][info][gc,start    ] GC(52) Pause Young (Mixed) (G1 Evacuation Pause)
[28.851s][info][gc,task     ] GC(52) Using 10 workers of 10 for evacuation
[28.863s][info][gc,phases   ] GC(52)   Pre Evacuate Collection Set: 0.2ms
[28.863s][info][gc,phases   ] GC(52)   Merge Heap Roots: 0.2ms
[28.863s][info][gc,phases   ] GC(52)   Evacuate Collection Set: 10.4ms
[28.864s][info][gc,phases   ] GC(52)   Post Evacuate Collection Set: 1.3ms
[28.864s][info][gc,phases   ] GC(52)   Other: 0.2ms
[28.864s][info][gc,heap     ] GC(52) Eden regions: 70->0(73)
[28.864s][info][gc,heap     ] GC(52) Survivor regions: 7->6(10)
[28.864s][info][gc,heap     ] GC(52) Old regions: 57->56
[28.864s][info][gc,heap     ] GC(52) Humongous regions: 1->1
[28.864s][info][gc,metaspace] GC(52) Metaspace: 209813K(212672K)->209813K(212672K) NonClass: 184222K(185856K)->184222K(185856K) Class: 25591K(26816K)->25591K(26816K)
[28.865s][info][gc          ] GC(52) Pause Young (Mixed) (G1 Evacuation Pause) 533M->251M(600M) 14.154ms
[28.865s][info][gc,cpu      ] GC(52) User=0.11s Sys=0.00s Real=0.02s
[29.361s][info][gc,start    ] GC(53) Pause Young (Concurrent Start) (G1 Evacuation Pause)
[29.361s][info][gc,task     ] GC(53) Using 10 workers of 10 for evacuation
[29.372s][info][gc,phases   ] GC(53)   Pre Evacuate Collection Set: 0.3ms
[29.373s][info][gc,phases   ] GC(53)   Merge Heap Roots: 0.2ms
[29.373s][info][gc,phases   ] GC(53)   Evacuate Collection Set: 7.8ms
[29.373s][info][gc,phases   ] GC(53)   Post Evacuate Collection Set: 2.7ms
[29.373s][info][gc,phases   ] GC(53)   Other: 0.2ms
[29.373s][info][gc,heap     ] GC(53) Eden regions: 73->0(101)
[29.373s][info][gc,heap     ] GC(53) Survivor regions: 6->6(10)
[29.373s][info][gc,heap     ] GC(53) Old regions: 56->57
[29.374s][info][gc,heap     ] GC(53) Humongous regions: 1->1
[29.374s][info][gc,metaspace] GC(53) Metaspace: 212669K(215552K)->212669K(215552K) NonClass: 186646K(188352K)->186646K(188352K) Class: 26022K(27200K)->26022K(27200K)
[29.374s][info][gc          ] GC(53) Pause Young (Concurrent Start) (G1 Evacuation Pause) 543M->253M(720M) 12.826ms
[29.374s][info][gc          ] GC(54) Concurrent Mark Cycle
[29.374s][info][gc,marking  ] GC(54) Concurrent Scan Root Regions
[29.374s][info][gc,cpu      ] GC(53) User=0.09s Sys=0.00s Real=0.01s
[29.380s][info][gc,marking  ] GC(54) Concurrent Scan Root Regions 6.387ms
[29.381s][info][gc,marking  ] GC(54) Concurrent Mark
[29.381s][info][gc,marking  ] GC(54) Concurrent Mark From Roots
[29.381s][info][gc,task     ] GC(54) Using 3 workers of 3 for marking
[29.478s][info][gc,marking  ] GC(54) Concurrent Mark From Roots 97.060ms
[29.478s][info][gc,marking  ] GC(54) Concurrent Preclean
[29.480s][info][gc,marking  ] GC(54) Concurrent Preclean 1.619ms
[29.480s][info][gc,start    ] GC(54) Pause Remark
[29.487s][info][gc          ] GC(54) Pause Remark 309M->309M(720M) 7.464ms
[29.488s][info][gc,cpu      ] GC(54) User=0.04s Sys=0.00s Real=0.01s
[29.488s][info][gc,marking  ] GC(54) Concurrent Mark 107.443ms
[29.488s][info][gc,marking  ] GC(54) Concurrent Rebuild Remembered Sets and Scrub Regions
[29.529s][info][gc,marking  ] GC(54) Concurrent Rebuild Remembered Sets and Scrub Regions 40.655ms
[29.529s][info][gc,start    ] GC(54) Pause Cleanup
[29.530s][info][gc          ] GC(54) Pause Cleanup 333M->333M(720M) 0.334ms
[29.530s][info][gc,cpu      ] GC(54) User=0.00s Sys=0.00s Real=0.00s
[29.530s][info][gc,marking  ] GC(54) Concurrent Clear Claimed Marks
[29.530s][info][gc,marking  ] GC(54) Concurrent Clear Claimed Marks 0.450ms
[29.531s][info][gc,marking  ] GC(54) Concurrent Cleanup for Next Mark
[29.532s][info][gc,marking  ] GC(54) Concurrent Cleanup for Next Mark 1.651ms
[29.532s][info][gc          ] GC(54) Concurrent Mark Cycle 158.460ms
[29.888s][info][gc,start    ] GC(55) Pause Young (Prepare Mixed) (G1 Evacuation Pause)
[29.888s][info][gc,task     ] GC(55) Using 10 workers of 10 for evacuation
[29.898s][info][gc,phases   ] GC(55)   Pre Evacuate Collection Set: 0.3ms
[29.898s][info][gc,phases   ] GC(55)   Merge Heap Roots: 0.2ms
[29.898s][info][gc,phases   ] GC(55)   Evacuate Collection Set: 8.0ms
[29.898s][info][gc,phases   ] GC(55)   Post Evacuate Collection Set: 1.2ms
[29.898s][info][gc,phases   ] GC(55)   Other: 0.2ms
[29.898s][info][gc,heap     ] GC(55) Eden regions: 101->0(99)
[29.898s][info][gc,heap     ] GC(55) Survivor regions: 6->7(14)
[29.898s][info][gc,heap     ] GC(55) Old regions: 57->57
[29.898s][info][gc,heap     ] GC(55) Humongous regions: 1->1
[29.899s][info][gc,metaspace] GC(55) Metaspace: 220306K(223168K)->220306K(223168K) NonClass: 193270K(194944K)->193270K(194944K) Class: 27036K(28224K)->27036K(28224K)
[29.899s][info][gc          ] GC(55) Pause Young (Prepare Mixed) (G1 Evacuation Pause) 657M->258M(720M) 11.072ms
[29.899s][info][gc,cpu      ] GC(55) User=0.08s Sys=0.00s Real=0.01s
[30.223s][info][gc,start    ] GC(56) Pause Young (Mixed) (G1 Evacuation Pause)
[30.223s][info][gc,task     ] GC(56) Using 10 workers of 10 for evacuation
[30.236s][info][gc,phases   ] GC(56)   Pre Evacuate Collection Set: 0.2ms
[30.236s][info][gc,phases   ] GC(56)   Merge Heap Roots: 0.1ms
[30.236s][info][gc,phases   ] GC(56)   Evacuate Collection Set: 11.2ms
[30.236s][info][gc,phases   ] GC(56)   Post Evacuate Collection Set: 1.1ms
[30.236s][info][gc,phases   ] GC(56)   Other: 0.1ms
[30.236s][info][gc,heap     ] GC(56) Eden regions: 99->0(97)
[30.237s][info][gc,heap     ] GC(56) Survivor regions: 7->9(14)
[30.237s][info][gc,heap     ] GC(56) Old regions: 57->55
[30.237s][info][gc,heap     ] GC(56) Humongous regions: 1->1
[30.237s][info][gc,metaspace] GC(56) Metaspace: 220317K(223168K)->220317K(223168K) NonClass: 193280K(194944K)->193280K(194944K) Class: 27036K(28224K)->27036K(28224K)
[30.237s][info][gc          ] GC(56) Pause Young (Mixed) (G1 Evacuation Pause) 654M->256M(720M) 14.448ms
[30.237s][info][gc,cpu      ] GC(56) User=0.13s Sys=0.00s Real=0.02s
[30.773s][info][gc,start    ] GC(57) Pause Young (Concurrent Start) (G1 Evacuation Pause)
[30.773s][info][gc,task     ] GC(57) Using 10 workers of 10 for evacuation
[30.783s][info][gc,phases   ] GC(57)   Pre Evacuate Collection Set: 0.3ms
[30.783s][info][gc,phases   ] GC(57)   Merge Heap Roots: 0.1ms
[30.783s][info][gc,phases   ] GC(57)   Evacuate Collection Set: 8.5ms
[30.783s][info][gc,phases   ] GC(57)   Post Evacuate Collection Set: 0.9ms
[30.783s][info][gc,phases   ] GC(57)   Other: 0.2ms
[30.784s][info][gc,heap     ] GC(57) Eden regions: 97->0(96)
[30.784s][info][gc,heap     ] GC(57) Survivor regions: 9->9(14)
[30.784s][info][gc,heap     ] GC(57) Old regions: 55->56
[30.784s][info][gc,heap     ] GC(57) Humongous regions: 1->1
[30.784s][info][gc,metaspace] GC(57) Metaspace: 222092K(224960K)->222092K(224960K) NonClass: 194904K(196544K)->194904K(196544K) Class: 27187K(28416K)->27187K(28416K)
[30.784s][info][gc          ] GC(57) Pause Young (Concurrent Start) (G1 Evacuation Pause) 644M->260M(720M) 11.461ms
[30.784s][info][gc          ] GC(58) Concurrent Mark Cycle
[30.784s][info][gc,marking  ] GC(58) Concurrent Scan Root Regions
[30.784s][info][gc,cpu      ] GC(57) User=0.09s Sys=0.00s Real=0.01s
[30.791s][info][gc,marking  ] GC(58) Concurrent Scan Root Regions 6.566ms
[30.791s][info][gc,marking  ] GC(58) Concurrent Mark
[30.791s][info][gc,marking  ] GC(58) Concurrent Mark From Roots
[30.792s][info][gc,task     ] GC(58) Using 3 workers of 3 for marking
[30.893s][info][gc,marking  ] GC(58) Concurrent Mark From Roots 102.096ms
[30.894s][info][gc,marking  ] GC(58) Concurrent Preclean
[30.896s][info][gc,marking  ] GC(58) Concurrent Preclean 1.870ms
[30.896s][info][gc,start    ] GC(58) Pause Remark
[30.907s][info][gc          ] GC(58) Pause Remark 331M->331M(720M) 11.022ms
[30.907s][info][gc,cpu      ] GC(58) User=0.05s Sys=0.01s Real=0.01s
[30.908s][info][gc,marking  ] GC(58) Concurrent Mark 116.418ms
[30.908s][info][gc,marking  ] GC(58) Concurrent Rebuild Remembered Sets and Scrub Regions
[30.951s][info][gc,marking  ] GC(58) Concurrent Rebuild Remembered Sets and Scrub Regions 43.303ms
[30.954s][info][gc,start    ] GC(58) Pause Cleanup
[30.954s][info][gc          ] GC(58) Pause Cleanup 388M->388M(720M) 0.428ms
[30.954s][info][gc,cpu      ] GC(58) User=0.00s Sys=0.00s Real=0.00s
[30.954s][info][gc,marking  ] GC(58) Concurrent Clear Claimed Marks
[30.955s][info][gc,marking  ] GC(58) Concurrent Clear Claimed Marks 0.599ms
[30.955s][info][gc,marking  ] GC(58) Concurrent Cleanup for Next Mark
[30.956s][info][gc,marking  ] GC(58) Concurrent Cleanup for Next Mark 0.737ms
[30.956s][info][gc          ] GC(58) Concurrent Mark Cycle 171.805ms
[31.157s][info][gc,start    ] GC(59) Pause Young (Prepare Mixed) (G1 Evacuation Pause)
[31.157s][info][gc,task     ] GC(59) Using 10 workers of 10 for evacuation
[31.169s][info][gc,phases   ] GC(59)   Pre Evacuate Collection Set: 0.2ms
[31.169s][info][gc,phases   ] GC(59)   Merge Heap Roots: 0.1ms
[31.169s][info][gc,phases   ] GC(59)   Evacuate Collection Set: 9.6ms
[31.169s][info][gc,phases   ] GC(59)   Post Evacuate Collection Set: 1.6ms
[31.169s][info][gc,phases   ] GC(59)   Other: 0.2ms
[31.169s][info][gc,heap     ] GC(59) Eden regions: 96->0(95)
[31.169s][info][gc,heap     ] GC(59) Survivor regions: 9->9(14)
[31.170s][info][gc,heap     ] GC(59) Old regions: 56->57
[31.170s][info][gc,heap     ] GC(59) Humongous regions: 1->1
[31.170s][info][gc,metaspace] GC(59) Metaspace: 223855K(226752K)->223855K(226752K) NonClass: 196499K(198208K)->196499K(198208K) Class: 27356K(28544K)->27356K(28544K)
[31.170s][info][gc          ] GC(59) Pause Young (Prepare Mixed) (G1 Evacuation Pause) 644M->263M(720M) 13.340ms
[31.170s][info][gc,cpu      ] GC(59) User=0.10s Sys=0.00s Real=0.01s
[31.481s][info][gc,start    ] GC(60) Pause Young (Mixed) (G1 Evacuation Pause)
[31.482s][info][gc,task     ] GC(60) Using 10 workers of 10 for evacuation
[31.494s][info][gc,phases   ] GC(60)   Pre Evacuate Collection Set: 0.2ms
[31.495s][info][gc,phases   ] GC(60)   Merge Heap Roots: 0.2ms
[31.495s][info][gc,phases   ] GC(60)   Evacuate Collection Set: 11.0ms
[31.495s][info][gc,phases   ] GC(60)   Post Evacuate Collection Set: 1.2ms
[31.495s][info][gc,phases   ] GC(60)   Other: 0.2ms
[31.495s][info][gc,heap     ] GC(60) Eden regions: 95->0(95)
[31.496s][info][gc,heap     ] GC(60) Survivor regions: 9->9(13)
[31.496s][info][gc,heap     ] GC(60) Old regions: 57->57
[31.496s][info][gc,heap     ] GC(60) Humongous regions: 1->1
[31.496s][info][gc,metaspace] GC(60) Metaspace: 224157K(227008K)->224157K(227008K) NonClass: 196794K(198464K)->196794K(198464K) Class: 27363K(28544K)->27363K(28544K)
[31.496s][info][gc          ] GC(60) Pause Young (Mixed) (G1 Evacuation Pause) 643M->262M(720M) 14.541ms
[31.496s][info][gc,cpu      ] GC(60) User=0.11s Sys=0.01s Real=0.02s
[77.891s][info][gc,start    ] GC(61) Pause Young (Concurrent Start) (G1 Evacuation Pause)
[77.891s][info][gc,task     ] GC(61) Using 10 workers of 10 for evacuation
[77.909s][info][gc,phases   ] GC(61)   Pre Evacuate Collection Set: 0.3ms
[77.909s][info][gc,phases   ] GC(61)   Merge Heap Roots: 0.1ms
[77.909s][info][gc,phases   ] GC(61)   Evacuate Collection Set: 13.9ms
[77.909s][info][gc,phases   ] GC(61)   Post Evacuate Collection Set: 2.7ms
[77.909s][info][gc,phases   ] GC(61)   Other: 0.3ms
[77.909s][info][gc,heap     ] GC(61) Eden regions: 95->0(124)
[77.909s][info][gc,heap     ] GC(61) Survivor regions: 9->10(13)
[77.910s][info][gc,heap     ] GC(61) Old regions: 57->59
[77.910s][info][gc,heap     ] GC(61) Humongous regions: 1->1
[77.910s][info][gc,metaspace] GC(61) Metaspace: 267022K(270592K)->267022K(270592K) NonClass: 232378K(234496K)->232378K(234496K) Class: 34644K(36096K)->34644K(36096K)
[77.910s][info][gc          ] GC(61) Pause Young (Concurrent Start) (G1 Evacuation Pause) 642M->275M(896M) 18.976ms
[77.910s][info][gc          ] GC(62) Concurrent Mark Cycle
[77.910s][info][gc,marking  ] GC(62) Concurrent Scan Root Regions
[77.910s][info][gc,cpu      ] GC(61) User=0.15s Sys=0.01s Real=0.02s
[77.918s][info][gc,marking  ] GC(62) Concurrent Scan Root Regions 7.439ms
[77.918s][info][gc,marking  ] GC(62) Concurrent Mark
[77.918s][info][gc,marking  ] GC(62) Concurrent Mark From Roots
[77.918s][info][gc,task     ] GC(62) Using 3 workers of 3 for marking
[77.986s][info][gc,marking  ] GC(62) Concurrent Mark From Roots 68.432ms
[77.987s][info][gc,marking  ] GC(62) Concurrent Preclean
[77.988s][info][gc,marking  ] GC(62) Concurrent Preclean 1.191ms
[77.988s][info][gc,start    ] GC(62) Pause Remark
[77.997s][info][gc          ] GC(62) Pause Remark 294M->294M(896M) 9.082ms
[77.997s][info][gc,cpu      ] GC(62) User=0.06s Sys=0.01s Real=0.01s
[77.998s][info][gc,marking  ] GC(62) Concurrent Mark 79.715ms
[77.998s][info][gc,marking  ] GC(62) Concurrent Rebuild Remembered Sets and Scrub Regions
[78.033s][info][gc,marking  ] GC(62) Concurrent Rebuild Remembered Sets and Scrub Regions 35.153ms
[78.033s][info][gc,start    ] GC(62) Pause Cleanup
[78.034s][info][gc          ] GC(62) Pause Cleanup 310M->310M(896M) 0.335ms
[78.034s][info][gc,cpu      ] GC(62) User=0.00s Sys=0.00s Real=0.00s
[78.034s][info][gc,marking  ] GC(62) Concurrent Clear Claimed Marks
[78.034s][info][gc,marking  ] GC(62) Concurrent Clear Claimed Marks 0.445ms
[78.035s][info][gc,marking  ] GC(62) Concurrent Cleanup for Next Mark
[78.036s][info][gc,marking  ] GC(62) Concurrent Cleanup for Next Mark 1.814ms
[78.037s][info][gc          ] GC(62) Concurrent Mark Cycle 126.452ms
[79.067s][info][gc,start    ] GC(63) Pause Young (Prepare Mixed) (G1 Evacuation Pause)
[79.068s][info][gc,task     ] GC(63) Using 10 workers of 10 for evacuation
[79.083s][info][gc,phases   ] GC(63)   Pre Evacuate Collection Set: 0.2ms
[79.083s][info][gc,phases   ] GC(63)   Merge Heap Roots: 0.2ms
[79.083s][info][gc,phases   ] GC(63)   Evacuate Collection Set: 12.7ms
[79.083s][info][gc,phases   ] GC(63)   Post Evacuate Collection Set: 1.6ms
[79.083s][info][gc,phases   ] GC(63)   Other: 0.2ms
[79.083s][info][gc,heap     ] GC(63) Eden regions: 124->0(111)
[79.083s][info][gc,heap     ] GC(63) Survivor regions: 10->17(17)
[79.084s][info][gc,heap     ] GC(63) Old regions: 59->59
[79.084s][info][gc,heap     ] GC(63) Humongous regions: 1->1
[79.084s][info][gc,metaspace] GC(63) Metaspace: 271773K(275328K)->271773K(275328K) NonClass: 236667K(238720K)->236667K(238720K) Class: 35106K(36608K)->35106K(36608K)
[79.084s][info][gc          ] GC(63) Pause Young (Prepare Mixed) (G1 Evacuation Pause) 771M->306M(896M) 16.390ms
[79.084s][info][gc,cpu      ] GC(63) User=0.13s Sys=0.00s Real=0.01s
[81.263s][info][gc,start    ] GC(64) Pause Young (Mixed) (G1 Evacuation Pause)
[81.263s][info][gc,task     ] GC(64) Using 10 workers of 10 for evacuation
[81.314s][info][gc,phases   ] GC(64)   Pre Evacuate Collection Set: 0.2ms
[81.315s][info][gc,phases   ] GC(64)   Merge Heap Roots: 0.2ms
[81.315s][info][gc,phases   ] GC(64)   Evacuate Collection Set: 48.3ms
[81.315s][info][gc,phases   ] GC(64)   Post Evacuate Collection Set: 2.6ms
[81.315s][info][gc,phases   ] GC(64)   Other: 0.2ms
[81.315s][info][gc,heap     ] GC(64) Eden regions: 111->0(91)
[81.315s][info][gc,heap     ] GC(64) Survivor regions: 17->16(16)
[81.315s][info][gc,heap     ] GC(64) Old regions: 59->88
[81.315s][info][gc,heap     ] GC(64) Humongous regions: 1->1
[81.315s][info][gc,metaspace] GC(64) Metaspace: 298768K(302592K)->298768K(302592K) NonClass: 259086K(261312K)->259086K(261312K) Class: 39682K(41280K)->39682K(41280K)
[81.316s][info][gc          ] GC(64) Pause Young (Mixed) (G1 Evacuation Pause) 750M->416M(948M) 52.774ms
[81.316s][info][gc,cpu      ] GC(64) User=0.39s Sys=0.04s Real=0.06s
[82.129s][info][gc,start    ] GC(65) Pause Young (Concurrent Start) (G1 Evacuation Pause)
[82.130s][info][gc,task     ] GC(65) Using 10 workers of 10 for evacuation
[82.150s][info][gc,phases   ] GC(65)   Pre Evacuate Collection Set: 0.3ms
[82.150s][info][gc,phases   ] GC(65)   Merge Heap Roots: 0.1ms
[82.150s][info][gc,phases   ] GC(65)   Evacuate Collection Set: 17.3ms
[82.150s][info][gc,phases   ] GC(65)   Post Evacuate Collection Set: 2.2ms
[82.150s][info][gc,phases   ] GC(65)   Other: 0.3ms
[82.151s][info][gc,heap     ] GC(65) Eden regions: 91->0(87)
[82.151s][info][gc,heap     ] GC(65) Survivor regions: 16->8(14)
[82.151s][info][gc,heap     ] GC(65) Old regions: 88->105
[82.151s][info][gc,heap     ] GC(65) Humongous regions: 1->1
[82.151s][info][gc,metaspace] GC(65) Metaspace: 319617K(323712K)->319617K(323712K) NonClass: 277254K(279616K)->277254K(279616K) Class: 42362K(44096K)->42362K(44096K)
[82.151s][info][gc          ] GC(65) Pause Young (Concurrent Start) (G1 Evacuation Pause) 780M->453M(948M) 22.121ms
[82.151s][info][gc          ] GC(66) Concurrent Mark Cycle
[82.152s][info][gc,marking  ] GC(66) Concurrent Scan Root Regions
[82.151s][info][gc,cpu      ] GC(65) User=0.19s Sys=0.00s Real=0.02s
[82.165s][info][gc,marking  ] GC(66) Concurrent Scan Root Regions 13.617ms
[82.166s][info][gc,marking  ] GC(66) Concurrent Mark
[82.166s][info][gc,marking  ] GC(66) Concurrent Mark From Roots
[82.167s][info][gc,task     ] GC(66) Using 3 workers of 3 for marking
[82.323s][info][gc,marking  ] GC(66) Concurrent Mark From Roots 157.139ms
[82.323s][info][gc,marking  ] GC(66) Concurrent Preclean
[82.324s][info][gc,marking  ] GC(66) Concurrent Preclean 1.172ms
[82.325s][info][gc,start    ] GC(66) Pause Remark
[82.354s][info][gc          ] GC(66) Pause Remark 596M->596M(948M) 29.532ms
[82.354s][info][gc,cpu      ] GC(66) User=0.20s Sys=0.01s Real=0.03s
[82.355s][info][gc,marking  ] GC(66) Concurrent Mark 189.370ms
[82.355s][info][gc,marking  ] GC(66) Concurrent Rebuild Remembered Sets and Scrub Regions
[82.461s][info][gc,marking  ] GC(66) Concurrent Rebuild Remembered Sets and Scrub Regions 106.022ms
[82.462s][info][gc,start    ] GC(66) Pause Cleanup
[82.463s][info][gc          ] GC(66) Pause Cleanup 682M->682M(948M) 0.360ms
[82.463s][info][gc,cpu      ] GC(66) User=0.00s Sys=0.00s Real=0.00s
[82.463s][info][gc,marking  ] GC(66) Concurrent Clear Claimed Marks
[82.464s][info][gc,marking  ] GC(66) Concurrent Clear Claimed Marks 0.432ms
[82.464s][info][gc,marking  ] GC(66) Concurrent Cleanup for Next Mark
[82.465s][info][gc,marking  ] GC(66) Concurrent Cleanup for Next Mark 1.383ms
[82.465s][info][gc          ] GC(66) Concurrent Mark Cycle 313.881ms
[82.618s][info][gc,start    ] GC(67) Pause Young (Prepare Mixed) (G1 Evacuation Pause)
[82.619s][info][gc,task     ] GC(67) Using 10 workers of 10 for evacuation
[82.634s][info][gc,phases   ] GC(67)   Pre Evacuate Collection Set: 0.2ms
[82.634s][info][gc,phases   ] GC(67)   Merge Heap Roots: 0.2ms
[82.635s][info][gc,phases   ] GC(67)   Evacuate Collection Set: 13.7ms
[82.635s][info][gc,phases   ] GC(67)   Post Evacuate Collection Set: 1.4ms
[82.635s][info][gc,phases   ] GC(67)   Other: 0.2ms
[82.635s][info][gc,heap     ] GC(67) Eden regions: 87->0(90)
[82.635s][info][gc,heap     ] GC(67) Survivor regions: 8->4(12)
[82.635s][info][gc,heap     ] GC(67) Old regions: 105->112
[82.635s][info][gc,heap     ] GC(67) Humongous regions: 1->1
[82.635s][info][gc,metaspace] GC(67) Metaspace: 322261K(326272K)->322261K(326272K) NonClass: 279598K(281920K)->279598K(281920K) Class: 42662K(44352K)->42662K(44352K)
[82.636s][info][gc          ] GC(67) Pause Young (Prepare Mixed) (G1 Evacuation Pause) 801M->464M(948M) 17.364ms
[82.636s][info][gc,cpu      ] GC(67) User=0.09s Sys=0.00s Real=0.02s
[83.316s][info][gc,start    ] GC(68) Pause Young (Mixed) (G1 Evacuation Pause)
[83.316s][info][gc,task     ] GC(68) Using 10 workers of 10 for evacuation
[83.326s][info][gc,phases   ] GC(68)   Pre Evacuate Collection Set: 0.2ms
[83.326s][info][gc,phases   ] GC(68)   Merge Heap Roots: 0.1ms
[83.326s][info][gc,phases   ] GC(68)   Evacuate Collection Set: 8.3ms
[83.326s][info][gc,phases   ] GC(68)   Post Evacuate Collection Set: 1.2ms
[83.327s][info][gc,phases   ] GC(68)   Other: 0.2ms
[83.327s][info][gc,heap     ] GC(68) Eden regions: 90->0(93)
[83.327s][info][gc,heap     ] GC(68) Survivor regions: 4->8(12)
[83.327s][info][gc,heap     ] GC(68) Old regions: 112->109
[83.327s][info][gc,heap     ] GC(68) Humongous regions: 1->1
[83.327s][info][gc,metaspace] GC(68) Metaspace: 326248K(330304K)->326248K(330304K) NonClass: 283079K(285440K)->283079K(285440K) Class: 43169K(44864K)->43169K(44864K)
[83.327s][info][gc          ] GC(68) Pause Young (Mixed) (G1 Evacuation Pause) 824M->468M(948M) 11.172ms
[83.327s][info][gc,cpu      ] GC(68) User=0.06s Sys=0.02s Real=0.01s
[87.481s][info][gc,heap,exit] Heap
[87.481s][info][gc,heap,exit]  garbage-first heap   total 970752K, used 830942K [0x00000006ac400000, 0x0000000800000000)
[87.482s][info][gc,heap,exit]   region size 4096K, 94 young (385024K), 8 survivors (32768K)
[87.483s][info][gc,heap,exit]  Metaspace       used 333234K, committed 337344K, reserved 1376256K
[87.483s][info][gc,heap,exit]   class space    used 43914K, committed 45632K, reserved 1048576K
